=== RUN   TestHXC278_ReplyKeyNamesNeverLeakIntoTheLoginError
=== RUN   TestHXC278_ReplyKeyNamesNeverLeakIntoTheLoginError/jwt_shaped_key
=== RUN   TestHXC278_ReplyKeyNamesNeverLeakIntoTheLoginError/opaque_blob_key
=== RUN   TestHXC278_ReplyKeyNamesNeverLeakIntoTheLoginError/bearer_header_key
=== RUN   TestHXC278_ReplyKeyNamesNeverLeakIntoTheLoginError/base32_two_class_key
--- PASS: TestHXC278_ReplyKeyNamesNeverLeakIntoTheLoginError (0.00s)
    --- PASS: TestHXC278_ReplyKeyNamesNeverLeakIntoTheLoginError/jwt_shaped_key (0.00s)
    --- PASS: TestHXC278_ReplyKeyNamesNeverLeakIntoTheLoginError/opaque_blob_key (0.00s)
    --- PASS: TestHXC278_ReplyKeyNamesNeverLeakIntoTheLoginError/bearer_header_key (0.00s)
    --- PASS: TestHXC278_ReplyKeyNamesNeverLeakIntoTheLoginError/base32_two_class_key (0.00s)
=== RUN   TestHXC278_ReplyKeyNamesNeverLeakIntoAnActionResult
=== RUN   TestHXC278_ReplyKeyNamesNeverLeakIntoAnActionResult/jwt_shaped_key
=== RUN   TestHXC278_ReplyKeyNamesNeverLeakIntoAnActionResult/opaque_blob_key
=== RUN   TestHXC278_ReplyKeyNamesNeverLeakIntoAnActionResult/bearer_header_key
=== RUN   TestHXC278_ReplyKeyNamesNeverLeakIntoAnActionResult/base32_two_class_key
--- PASS: TestHXC278_ReplyKeyNamesNeverLeakIntoAnActionResult (0.00s)
    --- PASS: TestHXC278_ReplyKeyNamesNeverLeakIntoAnActionResult/jwt_shaped_key (0.00s)
    --- PASS: TestHXC278_ReplyKeyNamesNeverLeakIntoAnActionResult/opaque_blob_key (0.00s)
    --- PASS: TestHXC278_ReplyKeyNamesNeverLeakIntoAnActionResult/bearer_header_key (0.00s)
    --- PASS: TestHXC278_ReplyKeyNamesNeverLeakIntoAnActionResult/base32_two_class_key (0.00s)
=== RUN   TestHXC278_ReplyKeyNamesNeverLeakIntoAFindingOrLog
=== RUN   TestHXC278_ReplyKeyNamesNeverLeakIntoAFindingOrLog/jwt_shaped_key
=== RUN   TestHXC278_ReplyKeyNamesNeverLeakIntoAFindingOrLog/opaque_blob_key
=== RUN   TestHXC278_ReplyKeyNamesNeverLeakIntoAFindingOrLog/bearer_header_key
=== RUN   TestHXC278_ReplyKeyNamesNeverLeakIntoAFindingOrLog/base32_two_class_key
--- PASS: TestHXC278_ReplyKeyNamesNeverLeakIntoAFindingOrLog (0.00s)
    --- PASS: TestHXC278_ReplyKeyNamesNeverLeakIntoAFindingOrLog/jwt_shaped_key (0.00s)
    --- PASS: TestHXC278_ReplyKeyNamesNeverLeakIntoAFindingOrLog/opaque_blob_key (0.00s)
    --- PASS: TestHXC278_ReplyKeyNamesNeverLeakIntoAFindingOrLog/bearer_header_key (0.00s)
    --- PASS: TestHXC278_ReplyKeyNamesNeverLeakIntoAFindingOrLog/base32_two_class_key (0.00s)
=== RUN   TestHXC278_BoundsArePinned
--- PASS: TestHXC278_BoundsArePinned (0.00s)
=== RUN   TestHXC278_CredentialShapeOracleIsSelfValidated
--- PASS: TestHXC278_CredentialShapeOracleIsSelfValidated (0.00s)
=== RUN   TestHXC278_KeyCensusIsExactlyPinned
=== RUN   TestHXC278_KeyCensusIsExactlyPinned/ordinary_keys_pass_through_sorted
=== RUN   TestHXC278_KeyCensusIsExactlyPinned/jwt_shaped_key_is_masked_neighbours_survive
=== RUN   TestHXC278_KeyCensusIsExactlyPinned/opaque_blob_key_is_masked
=== RUN   TestHXC278_KeyCensusIsExactlyPinned/bearer_header_key_is_masked
=== RUN   TestHXC278_KeyCensusIsExactlyPinned/long_ordinary_key_is_clipped_not_masked
=== RUN   TestHXC278_KeyCensusIsExactlyPinned/key_one_byte_below_the_clip_is_untouched
=== RUN   TestHXC278_KeyCensusIsExactlyPinned/key_exactly_at_the_clip_is_untouched
=== RUN   TestHXC278_KeyCensusIsExactlyPinned/key_one_byte_above_the_clip_is_clipped
=== RUN   TestHXC278_KeyCensusIsExactlyPinned/base32_two_class_key_is_masked
=== RUN   TestHXC278_KeyCensusIsExactlyPinned/embedded_credential_masks_the_whole_key
=== RUN   TestHXC278_KeyCensusIsExactlyPinned/count_overflow_is_truncated_honestly
=== RUN   TestHXC278_KeyCensusIsExactlyPinned/empty_object_reports_an_empty_census
--- PASS: TestHXC278_KeyCensusIsExactlyPinned (0.00s)
    --- PASS: TestHXC278_KeyCensusIsExactlyPinned/ordinary_keys_pass_through_sorted (0.00s)
    --- PASS: TestHXC278_KeyCensusIsExactlyPinned/jwt_shaped_key_is_masked_neighbours_survive (0.00s)
    --- PASS: TestHXC278_KeyCensusIsExactlyPinned/opaque_blob_key_is_masked (0.00s)
    --- PASS: TestHXC278_KeyCensusIsExactlyPinned/bearer_header_key_is_masked (0.00s)
    --- PASS: TestHXC278_KeyCensusIsExactlyPinned/long_ordinary_key_is_clipped_not_masked (0.00s)
    --- PASS: TestHXC278_KeyCensusIsExactlyPinned/key_one_byte_below_the_clip_is_untouched (0.00s)
    --- PASS: TestHXC278_KeyCensusIsExactlyPinned/key_exactly_at_the_clip_is_untouched (0.00s)
    --- PASS: TestHXC278_KeyCensusIsExactlyPinned/key_one_byte_above_the_clip_is_clipped (0.00s)
    --- PASS: TestHXC278_KeyCensusIsExactlyPinned/base32_two_class_key_is_masked (0.00s)
    --- PASS: TestHXC278_KeyCensusIsExactlyPinned/embedded_credential_masks_the_whole_key (0.00s)
    --- PASS: TestHXC278_KeyCensusIsExactlyPinned/count_overflow_is_truncated_honestly (0.00s)
    --- PASS: TestHXC278_KeyCensusIsExactlyPinned/empty_object_reports_an_empty_census (0.00s)
=== RUN   TestHXC278_MissingTokenErrorStaysDiagnostic
=== RUN   TestHXC278_MissingTokenErrorStaysDiagnostic/render_site_and_propagating_error
=== RUN   TestHXC278_MissingTokenErrorStaysDiagnostic/action_result_sink
=== RUN   TestHXC278_MissingTokenErrorStaysDiagnostic/pipeline_log_and_finding_sinks
--- PASS: TestHXC278_MissingTokenErrorStaysDiagnostic (0.00s)
    --- PASS: TestHXC278_MissingTokenErrorStaysDiagnostic/render_site_and_propagating_error (0.00s)
    --- PASS: TestHXC278_MissingTokenErrorStaysDiagnostic/action_result_sink (0.00s)
    --- PASS: TestHXC278_MissingTokenErrorStaysDiagnostic/pipeline_log_and_finding_sinks (0.00s)
=== RUN   TestHXC278_CensusTruncationIsVisibleAtASink
--- PASS: TestHXC278_CensusTruncationIsVisibleAtASink (0.00s)
=== RUN   TestHXC278_ReplyKeyNamesNeverLeakIntoTheLoginError
=== RUN   TestHXC278_ReplyKeyNamesNeverLeakIntoTheLoginError/jwt_shaped_key
=== RUN   TestHXC278_ReplyKeyNamesNeverLeakIntoTheLoginError/opaque_blob_key
=== RUN   TestHXC278_ReplyKeyNamesNeverLeakIntoTheLoginError/bearer_header_key
=== RUN   TestHXC278_ReplyKeyNamesNeverLeakIntoTheLoginError/base32_two_class_key
--- PASS: TestHXC278_ReplyKeyNamesNeverLeakIntoTheLoginError (0.00s)
    --- PASS: TestHXC278_ReplyKeyNamesNeverLeakIntoTheLoginError/jwt_shaped_key (0.00s)
    --- PASS: TestHXC278_ReplyKeyNamesNeverLeakIntoTheLoginError/opaque_blob_key (0.00s)
    --- PASS: TestHXC278_ReplyKeyNamesNeverLeakIntoTheLoginError/bearer_header_key (0.00s)
    --- PASS: TestHXC278_ReplyKeyNamesNeverLeakIntoTheLoginError/base32_two_class_key (0.00s)
=== RUN   TestHXC278_ReplyKeyNamesNeverLeakIntoAnActionResult
=== RUN   TestHXC278_ReplyKeyNamesNeverLeakIntoAnActionResult/jwt_shaped_key
=== RUN   TestHXC278_ReplyKeyNamesNeverLeakIntoAnActionResult/opaque_blob_key
=== RUN   TestHXC278_ReplyKeyNamesNeverLeakIntoAnActionResult/bearer_header_key
=== RUN   TestHXC278_ReplyKeyNamesNeverLeakIntoAnActionResult/base32_two_class_key
--- PASS: TestHXC278_ReplyKeyNamesNeverLeakIntoAnActionResult (0.00s)
    --- PASS: TestHXC278_ReplyKeyNamesNeverLeakIntoAnActionResult/jwt_shaped_key (0.00s)
    --- PASS: TestHXC278_ReplyKeyNamesNeverLeakIntoAnActionResult/opaque_blob_key (0.00s)
    --- PASS: TestHXC278_ReplyKeyNamesNeverLeakIntoAnActionResult/bearer_header_key (0.00s)
    --- PASS: TestHXC278_ReplyKeyNamesNeverLeakIntoAnActionResult/base32_two_class_key (0.00s)
=== RUN   TestHXC278_ReplyKeyNamesNeverLeakIntoAFindingOrLog
=== RUN   TestHXC278_ReplyKeyNamesNeverLeakIntoAFindingOrLog/jwt_shaped_key
=== RUN   TestHXC278_ReplyKeyNamesNeverLeakIntoAFindingOrLog/opaque_blob_key
=== RUN   TestHXC278_ReplyKeyNamesNeverLeakIntoAFindingOrLog/bearer_header_key
=== RUN   TestHXC278_ReplyKeyNamesNeverLeakIntoAFindingOrLog/base32_two_class_key
--- PASS: TestHXC278_ReplyKeyNamesNeverLeakIntoAFindingOrLog (0.00s)
    --- PASS: TestHXC278_ReplyKeyNamesNeverLeakIntoAFindingOrLog/jwt_shaped_key (0.00s)
    --- PASS: TestHXC278_ReplyKeyNamesNeverLeakIntoAFindingOrLog/opaque_blob_key (0.00s)
    --- PASS: TestHXC278_ReplyKeyNamesNeverLeakIntoAFindingOrLog/bearer_header_key (0.00s)
    --- PASS: TestHXC278_ReplyKeyNamesNeverLeakIntoAFindingOrLog/base32_two_class_key (0.00s)
=== RUN   TestHXC278_BoundsArePinned
--- PASS: TestHXC278_BoundsArePinned (0.00s)
=== RUN   TestHXC278_CredentialShapeOracleIsSelfValidated
--- PASS: TestHXC278_CredentialShapeOracleIsSelfValidated (0.00s)
=== RUN   TestHXC278_KeyCensusIsExactlyPinned
=== RUN   TestHXC278_KeyCensusIsExactlyPinned/ordinary_keys_pass_through_sorted
=== RUN   TestHXC278_KeyCensusIsExactlyPinned/jwt_shaped_key_is_masked_neighbours_survive
=== RUN   TestHXC278_KeyCensusIsExactlyPinned/opaque_blob_key_is_masked
=== RUN   TestHXC278_KeyCensusIsExactlyPinned/bearer_header_key_is_masked
=== RUN   TestHXC278_KeyCensusIsExactlyPinned/long_ordinary_key_is_clipped_not_masked
=== RUN   TestHXC278_KeyCensusIsExactlyPinned/key_one_byte_below_the_clip_is_untouched
=== RUN   TestHXC278_KeyCensusIsExactlyPinned/key_exactly_at_the_clip_is_untouched
=== RUN   TestHXC278_KeyCensusIsExactlyPinned/key_one_byte_above_the_clip_is_clipped
=== RUN   TestHXC278_KeyCensusIsExactlyPinned/base32_two_class_key_is_masked
=== RUN   TestHXC278_KeyCensusIsExactlyPinned/embedded_credential_masks_the_whole_key
=== RUN   TestHXC278_KeyCensusIsExactlyPinned/count_overflow_is_truncated_honestly
=== RUN   TestHXC278_KeyCensusIsExactlyPinned/empty_object_reports_an_empty_census
--- PASS: TestHXC278_KeyCensusIsExactlyPinned (0.00s)
    --- PASS: TestHXC278_KeyCensusIsExactlyPinned/ordinary_keys_pass_through_sorted (0.00s)
    --- PASS: TestHXC278_KeyCensusIsExactlyPinned/jwt_shaped_key_is_masked_neighbours_survive (0.00s)
    --- PASS: TestHXC278_KeyCensusIsExactlyPinned/opaque_blob_key_is_masked (0.00s)
    --- PASS: TestHXC278_KeyCensusIsExactlyPinned/bearer_header_key_is_masked (0.00s)
    --- PASS: TestHXC278_KeyCensusIsExactlyPinned/long_ordinary_key_is_clipped_not_masked (0.00s)
    --- PASS: TestHXC278_KeyCensusIsExactlyPinned/key_one_byte_below_the_clip_is_untouched (0.00s)
    --- PASS: TestHXC278_KeyCensusIsExactlyPinned/key_exactly_at_the_clip_is_untouched (0.00s)
    --- PASS: TestHXC278_KeyCensusIsExactlyPinned/key_one_byte_above_the_clip_is_clipped (0.00s)
    --- PASS: TestHXC278_KeyCensusIsExactlyPinned/base32_two_class_key_is_masked (0.00s)
    --- PASS: TestHXC278_KeyCensusIsExactlyPinned/embedded_credential_masks_the_whole_key (0.00s)
    --- PASS: TestHXC278_KeyCensusIsExactlyPinned/count_overflow_is_truncated_honestly (0.00s)
    --- PASS: TestHXC278_KeyCensusIsExactlyPinned/empty_object_reports_an_empty_census (0.00s)
=== RUN   TestHXC278_MissingTokenErrorStaysDiagnostic
=== RUN   TestHXC278_MissingTokenErrorStaysDiagnostic/render_site_and_propagating_error
=== RUN   TestHXC278_MissingTokenErrorStaysDiagnostic/action_result_sink
=== RUN   TestHXC278_MissingTokenErrorStaysDiagnostic/pipeline_log_and_finding_sinks
--- PASS: TestHXC278_MissingTokenErrorStaysDiagnostic (0.00s)
    --- PASS: TestHXC278_MissingTokenErrorStaysDiagnostic/render_site_and_propagating_error (0.00s)
    --- PASS: TestHXC278_MissingTokenErrorStaysDiagnostic/action_result_sink (0.00s)
    --- PASS: TestHXC278_MissingTokenErrorStaysDiagnostic/pipeline_log_and_finding_sinks (0.00s)
=== RUN   TestHXC278_CensusTruncationIsVisibleAtASink
--- PASS: TestHXC278_CensusTruncationIsVisibleAtASink (0.00s)
PASS
ok  	digital.vasic.helixqa/pkg/autonomous	0.020s
