🚀 Starting HelixCode Server v3.0.0
📅 Build: 2026-07-13_01:45:46
🔧 Commit: 285165aa

INFO: Using config file: /home/milos/Factory/projects/tools_and_research/helix_code/docs/qa/feat_helixllm_route_a21ad7ca_20260728T103202Z/ephemeral-config.yaml
2026/07/28 15:32:02 ℹ️  Infra auto-boot disabled — using configured infrastructure
2026/07/28 15:32:02 ✅ Database connection established successfully
2026/07/28 15:32:02 ✅ Database schema already exists
2026/07/28 15:32:02 ✅ Loaded 1 plugin(s) into the server plugin registry
2026/07/28 15:32:02 🔄 Verifier poller started (interval: 1m0s)
2026/07/28 15:32:02 ✅ LLMsVerifier connected: http://localhost:8100
2026/07/28 15:32:02 🌐 Starting HTTP server on 127.0.0.1
2026/07/28 15:32:02 🚀 Starting HelixCode server on 127.0.0.1:36353
[GIN] 2026/07/28 - 15:32:03 | 200 | 550.433µs |       127.0.0.1 | GET      "/health"
2026/07/28 15:32:03 ✅ helixllm provider initialized with 1 models
2026/07/28 15:32:03 ✅ helixllm provider closed
[GIN] 2026/07/28 - 15:32:03 | 200 |  77.27ms |       127.0.0.1 | POST     "/v1/chat/completions"
2026/07/28 15:32:03 🛑 Shutting down server...
2026/07/28 15:32:03 🛑 Verifier poller stopped
2026/07/28 15:32:03 ✅ Server exited properly
2026/07/28 15:32:03 ✅ Database connection pool closed
