=== HXC-204 uncapped duration distribution ===
date_utc=2026-08-04T20:22:09Z
nproc=64 loadavg_before=11.56 10.39 10.84
loadgen: started 160 busy workers (cgroup cur=337 max=4096)
loadavg_after_spinup=8.27 9.72 10.61
loadgen: marked=160 loadavg=7.61 9.56 10.55 runnable=179/3709 cgroup_pids=493/4096

=== matrix 16x120, 8 repeats, UNCAPPED, -race ===
    zz_hxc204_scaling_measure_test.go:77: HXC204SCALE p=16 iters=120 calls=1920 store=1920 duration_ms=108506 us_per_call=56514.0
    zz_hxc204_scaling_measure_test.go:77: HXC204SCALE p=16 iters=120 calls=1920 store=1920 duration_ms=114592 us_per_call=59683.7
    zz_hxc204_scaling_measure_test.go:77: HXC204SCALE p=16 iters=120 calls=1920 store=1920 duration_ms=121609 us_per_call=63338.3
    zz_hxc204_scaling_measure_test.go:77: HXC204SCALE p=16 iters=120 calls=1920 store=1920 duration_ms=116189 us_per_call=60515.4
    zz_hxc204_scaling_measure_test.go:77: HXC204SCALE p=16 iters=120 calls=1920 store=1920 duration_ms=117611 us_per_call=61256.1
    zz_hxc204_scaling_measure_test.go:77: HXC204SCALE p=16 iters=120 calls=1920 store=1920 duration_ms=108992 us_per_call=56767.0
    zz_hxc204_scaling_measure_test.go:77: HXC204SCALE p=16 iters=120 calls=1920 store=1920 duration_ms=114903 us_per_call=59845.4
    zz_hxc204_scaling_measure_test.go:77: HXC204SCALE p=16 iters=120 calls=1920 store=1920 duration_ms=110703 us_per_call=57658.3
--- PASS: TestHXC204_ScalingCurve (913.11s)
ok  	dev.helix.code/internal/memory	915.801s
matrix_120_pipeline_status=0
loadavg_now=4.76 22.70 20.00

=== matrix 16x60, 8 repeats, UNCAPPED, -race ===
    zz_hxc204_scaling_measure_test.go:77: HXC204SCALE p=16 iters=60 calls=960 store=960 duration_ms=25207 us_per_call=26257.3
    zz_hxc204_scaling_measure_test.go:77: HXC204SCALE p=16 iters=60 calls=960 store=960 duration_ms=20799 us_per_call=21665.8
    zz_hxc204_scaling_measure_test.go:77: HXC204SCALE p=16 iters=60 calls=960 store=960 duration_ms=21196 us_per_call=22080.0
    zz_hxc204_scaling_measure_test.go:77: HXC204SCALE p=16 iters=60 calls=960 store=960 duration_ms=20594 us_per_call=21453.0
    zz_hxc204_scaling_measure_test.go:77: HXC204SCALE p=16 iters=60 calls=960 store=960 duration_ms=19112 us_per_call=19908.9
    zz_hxc204_scaling_measure_test.go:77: HXC204SCALE p=16 iters=60 calls=960 store=960 duration_ms=21388 us_per_call=22279.5
    zz_hxc204_scaling_measure_test.go:77: HXC204SCALE p=16 iters=60 calls=960 store=960 duration_ms=20203 us_per_call=21045.1
    zz_hxc204_scaling_measure_test.go:77: HXC204SCALE p=16 iters=60 calls=960 store=960 duration_ms=21701 us_per_call=22606.1
--- PASS: TestHXC204_ScalingCurve (170.30s)
ok  	dev.helix.code/internal/memory	172.009s
matrix_60_pipeline_status=0
loadavg_now=0.46 11.42 16.02

=== matrix 16x40, 8 repeats, UNCAPPED, -race ===
    zz_hxc204_scaling_measure_test.go:77: HXC204SCALE p=16 iters=40 calls=640 store=640 duration_ms=10600 us_per_call=16562.9
    zz_hxc204_scaling_measure_test.go:77: HXC204SCALE p=16 iters=40 calls=640 store=640 duration_ms=12100 us_per_call=18907.0
    zz_hxc204_scaling_measure_test.go:77: HXC204SCALE p=16 iters=40 calls=640 store=640 duration_ms=12990 us_per_call=20298.2
    zz_hxc204_scaling_measure_test.go:77: HXC204SCALE p=16 iters=40 calls=640 store=640 duration_ms=10910 us_per_call=17048.1
    zz_hxc204_scaling_measure_test.go:77: HXC204SCALE p=16 iters=40 calls=640 store=640 duration_ms=10591 us_per_call=16549.9
    zz_hxc204_scaling_measure_test.go:77: HXC204SCALE p=16 iters=40 calls=640 store=640 duration_ms=11797 us_per_call=18433.0
    zz_hxc204_scaling_measure_test.go:77: HXC204SCALE p=16 iters=40 calls=640 store=640 duration_ms=10402 us_per_call=16254.6
    zz_hxc204_scaling_measure_test.go:77: HXC204SCALE p=16 iters=40 calls=640 store=640 duration_ms=11308 us_per_call=17669.2
--- PASS: TestHXC204_ScalingCurve (90.70s)
ok  	dev.helix.code/internal/memory	92.892s
matrix_40_pipeline_status=0
loadavg_now=71.39 41.97 26.96

=== done 2026-08-04T20:44:40Z ===
