=== PRE-MERGE full-package baseline: netaddr + endpoint + health (GREEN) ===
submodule HEAD: 11280ccfab3b6e2f7a511d79fa17983d0b5ef202

=== RUN   TestBracketHost
=== RUN   TestBracketHost/empty
=== RUN   TestBracketHost/ipv4
=== RUN   TestBracketHost/hostname
=== RUN   TestBracketHost/localhost
=== RUN   TestBracketHost/ipv6_loopback
=== RUN   TestBracketHost/ipv6_routable
=== RUN   TestBracketHost/ipv6_v4mapped
=== RUN   TestBracketHost/ipv6_with_zone
=== RUN   TestBracketHost/ipv6_already_bracketed
=== RUN   TestBracketHost/ipv6_already_bracketed_with_zone
=== RUN   TestBracketHost/full_http_url
=== RUN   TestBracketHost/full_https_url_with_path
=== RUN   TestBracketHost/host_port_text
=== RUN   TestBracketHost/not_an_ip_but_colonful
--- PASS: TestBracketHost (0.00s)
    --- PASS: TestBracketHost/empty (0.00s)
    --- PASS: TestBracketHost/ipv4 (0.00s)
    --- PASS: TestBracketHost/hostname (0.00s)
    --- PASS: TestBracketHost/localhost (0.00s)
    --- PASS: TestBracketHost/ipv6_loopback (0.00s)
    --- PASS: TestBracketHost/ipv6_routable (0.00s)
    --- PASS: TestBracketHost/ipv6_v4mapped (0.00s)
    --- PASS: TestBracketHost/ipv6_with_zone (0.00s)
    --- PASS: TestBracketHost/ipv6_already_bracketed (0.00s)
    --- PASS: TestBracketHost/ipv6_already_bracketed_with_zone (0.00s)
    --- PASS: TestBracketHost/full_http_url (0.00s)
    --- PASS: TestBracketHost/full_https_url_with_path (0.00s)
    --- PASS: TestBracketHost/host_port_text (0.00s)
    --- PASS: TestBracketHost/not_an_ip_but_colonful (0.00s)
=== RUN   TestBracketHost_Idempotent
--- PASS: TestBracketHost_Idempotent (0.00s)
=== RUN   TestJoinHostPort_ProducesResolvableAuthority
--- PASS: TestJoinHostPort_ProducesResolvableAuthority (0.00s)
=== RUN   TestJoinHostPort_PreservesLegacyShape
--- PASS: TestJoinHostPort_PreservesLegacyShape (0.00s)
PASS
ok  	digital.vasic.containers/internal/netaddr	0.004s
=== RUN   TestBuilder_Defaults
--- PASS: TestBuilder_Defaults (0.00s)
=== RUN   TestBuilder_AllFields
--- PASS: TestBuilder_AllFields (0.00s)
=== RUN   TestBuilder_Chaining
--- PASS: TestBuilder_Chaining (0.00s)
=== RUN   TestBuilder_ResolvedURL
--- PASS: TestBuilder_ResolvedURL (0.00s)
=== RUN   TestBuilder_ResolvedURL_ExplicitOverride
--- PASS: TestBuilder_ResolvedURL_ExplicitOverride (0.00s)
=== RUN   TestResolveURL_Internal
=== RUN   TestResolveURL_Internal/host_port_path
=== RUN   TestResolveURL_Internal/path_with_leading_slash
=== RUN   TestResolveURL_Internal/https_host_with_path
=== RUN   TestResolveURL_Internal/empty_path
=== RUN   TestResolveURL_Internal/empty_host_defaults_to_localhost
=== RUN   TestResolveURL_Internal/no_port_with_path
=== RUN   TestResolveURL_Internal/http_prefix_already_present
=== RUN   TestResolveURL_Internal/multiple_leading_slashes_in_path
--- PASS: TestResolveURL_Internal (0.00s)
    --- PASS: TestResolveURL_Internal/host_port_path (0.00s)
    --- PASS: TestResolveURL_Internal/path_with_leading_slash (0.00s)
    --- PASS: TestResolveURL_Internal/https_host_with_path (0.00s)
    --- PASS: TestResolveURL_Internal/empty_path (0.00s)
    --- PASS: TestResolveURL_Internal/empty_host_defaults_to_localhost (0.00s)
    --- PASS: TestResolveURL_Internal/no_port_with_path (0.00s)
    --- PASS: TestResolveURL_Internal/http_prefix_already_present (0.00s)
    --- PASS: TestResolveURL_Internal/multiple_leading_slashes_in_path (0.00s)
=== RUN   TestServiceEndpoint_ResolvedURL_ExplicitURL
--- PASS: TestServiceEndpoint_ResolvedURL_ExplicitURL (0.00s)
=== RUN   TestServiceEndpoint_ResolvedURL_HostPort
--- PASS: TestServiceEndpoint_ResolvedURL_HostPort (0.00s)
=== RUN   TestServiceEndpoint_ResolvedURL_HostOnly
--- PASS: TestServiceEndpoint_ResolvedURL_HostOnly (0.00s)
=== RUN   TestServiceEndpoint_ResolvedURL_Empty
--- PASS: TestServiceEndpoint_ResolvedURL_Empty (0.00s)
=== RUN   TestServiceEndpoint_ResolvedURL_IgnoresHealthPath
--- PASS: TestServiceEndpoint_ResolvedURL_IgnoresHealthPath (0.00s)
=== RUN   TestServiceEndpoint_ResolvedURL_HTTPSHost
--- PASS: TestServiceEndpoint_ResolvedURL_HTTPSHost (0.00s)
=== RUN   TestResolveHealthURL_WithPath
--- PASS: TestResolveHealthURL_WithPath (0.00s)
=== RUN   TestResolveHealthURL_NoPath
--- PASS: TestResolveHealthURL_NoPath (0.00s)
=== RUN   TestResolveHostPort
=== RUN   TestResolveHostPort/both
=== RUN   TestResolveHostPort/host_only
=== RUN   TestResolveHostPort/empty_host
=== RUN   TestResolveHostPort/both_empty
--- PASS: TestResolveHostPort (0.00s)
    --- PASS: TestResolveHostPort/both (0.00s)
    --- PASS: TestResolveHostPort/host_only (0.00s)
    --- PASS: TestResolveHostPort/empty_host (0.00s)
    --- PASS: TestResolveHostPort/both_empty (0.00s)
=== RUN   TestResolveScheme
--- PASS: TestResolveScheme (0.00s)
=== RUN   TestIsLocalEndpoint
=== RUN   TestIsLocalEndpoint/empty_host_is_local
=== RUN   TestIsLocalEndpoint/localhost_is_local
=== RUN   TestIsLocalEndpoint/127.0.0.1_is_local
=== RUN   TestIsLocalEndpoint/::1_is_local
=== RUN   TestIsLocalEndpoint/remote_flag_overrides
=== RUN   TestIsLocalEndpoint/external_host_is_not_local
--- PASS: TestIsLocalEndpoint (0.00s)
    --- PASS: TestIsLocalEndpoint/empty_host_is_local (0.00s)
    --- PASS: TestIsLocalEndpoint/localhost_is_local (0.00s)
    --- PASS: TestIsLocalEndpoint/127.0.0.1_is_local (0.00s)
    --- PASS: TestIsLocalEndpoint/::1_is_local (0.00s)
    --- PASS: TestIsLocalEndpoint/remote_flag_overrides (0.00s)
    --- PASS: TestIsLocalEndpoint/external_host_is_not_local (0.00s)
=== RUN   TestLoadConfig_YAML
--- PASS: TestLoadConfig_YAML (0.00s)
=== RUN   TestLoadConfig_JSON
--- PASS: TestLoadConfig_JSON (0.00s)
=== RUN   TestLoadConfig_UnsupportedFormat
--- PASS: TestLoadConfig_UnsupportedFormat (0.00s)
=== RUN   TestLoadConfig_FileNotFound
--- PASS: TestLoadConfig_FileNotFound (0.00s)
=== RUN   TestLoadConfig_InvalidYAML
--- PASS: TestLoadConfig_InvalidYAML (0.00s)
=== RUN   TestLoadConfig_InvalidJSON
--- PASS: TestLoadConfig_InvalidJSON (0.00s)
=== RUN   TestLoadConfig_WithDiscoveryTimeout
--- PASS: TestLoadConfig_WithDiscoveryTimeout (0.00s)
=== RUN   TestResolveURL_WithPath
=== RUN   TestResolveURL_WithPath/host_port_path
=== RUN   TestResolveURL_WithPath/path_with_leading_slash
=== RUN   TestResolveURL_WithPath/https_host_with_path
=== RUN   TestResolveURL_WithPath/empty_path
--- PASS: TestResolveURL_WithPath (0.00s)
    --- PASS: TestResolveURL_WithPath/host_port_path (0.00s)
    --- PASS: TestResolveURL_WithPath/path_with_leading_slash (0.00s)
    --- PASS: TestResolveURL_WithPath/https_host_with_path (0.00s)
    --- PASS: TestResolveURL_WithPath/empty_path (0.00s)
=== RUN   TestHXC218_ResolveHostPort
=== RUN   TestHXC218_ResolveHostPort/ipv4_unchanged
=== RUN   TestHXC218_ResolveHostPort/hostname_unchanged
=== RUN   TestHXC218_ResolveHostPort/empty_host_defaults_to_localhost
=== RUN   TestHXC218_ResolveHostPort/empty_port_returns_bare_host
=== RUN   TestHXC218_ResolveHostPort/ipv6_bracketed
=== RUN   TestHXC218_ResolveHostPort/ipv6_already_bracketed_not_doubled
--- PASS: TestHXC218_ResolveHostPort (0.00s)
    --- PASS: TestHXC218_ResolveHostPort/ipv4_unchanged (0.00s)
    --- PASS: TestHXC218_ResolveHostPort/hostname_unchanged (0.00s)
    --- PASS: TestHXC218_ResolveHostPort/empty_host_defaults_to_localhost (0.00s)
    --- PASS: TestHXC218_ResolveHostPort/empty_port_returns_bare_host (0.00s)
    --- PASS: TestHXC218_ResolveHostPort/ipv6_bracketed (0.00s)
    --- PASS: TestHXC218_ResolveHostPort/ipv6_already_bracketed_not_doubled (0.00s)
=== RUN   TestHXC218_ResolveHostPort_IPv6IsResolvable
--- PASS: TestHXC218_ResolveHostPort_IPv6IsResolvable (0.00s)
=== RUN   TestHXC218_ResolvedURL
=== RUN   TestHXC218_ResolvedURL/explicit_url_verbatim
=== RUN   TestHXC218_ResolvedURL/ipv4_unchanged
=== RUN   TestHXC218_ResolvedURL/hostname_unchanged
=== RUN   TestHXC218_ResolvedURL/ipv6_with_port_bracketed
=== RUN   TestHXC218_ResolvedURL/ipv6_without_port_bracketed
--- PASS: TestHXC218_ResolvedURL (0.00s)
    --- PASS: TestHXC218_ResolvedURL/explicit_url_verbatim (0.00s)
    --- PASS: TestHXC218_ResolvedURL/ipv4_unchanged (0.00s)
    --- PASS: TestHXC218_ResolvedURL/hostname_unchanged (0.00s)
    --- PASS: TestHXC218_ResolvedURL/ipv6_with_port_bracketed (0.00s)
    --- PASS: TestHXC218_ResolvedURL/ipv6_without_port_bracketed (0.00s)
=== RUN   TestHXC218_ResolveHealthURL_IPv6
--- PASS: TestHXC218_ResolveHealthURL_IPv6 (0.00s)
=== RUN   TestHXC218_IsLocalEndpoint_UnaffectedByBracketing
=== RUN   TestHXC218_IsLocalEndpoint_UnaffectedByBracketing/ipv6_loopback_is_local
=== RUN   TestHXC218_IsLocalEndpoint_UnaffectedByBracketing/ipv4_loopback_is_local
=== RUN   TestHXC218_IsLocalEndpoint_UnaffectedByBracketing/localhost_is_local
=== RUN   TestHXC218_IsLocalEndpoint_UnaffectedByBracketing/empty_host_is_local
=== RUN   TestHXC218_IsLocalEndpoint_UnaffectedByBracketing/remote_flag_wins
=== RUN   TestHXC218_IsLocalEndpoint_UnaffectedByBracketing/routable_ipv6_is_not_local
--- PASS: TestHXC218_IsLocalEndpoint_UnaffectedByBracketing (0.00s)
    --- PASS: TestHXC218_IsLocalEndpoint_UnaffectedByBracketing/ipv6_loopback_is_local (0.00s)
    --- PASS: TestHXC218_IsLocalEndpoint_UnaffectedByBracketing/ipv4_loopback_is_local (0.00s)
    --- PASS: TestHXC218_IsLocalEndpoint_UnaffectedByBracketing/localhost_is_local (0.00s)
    --- PASS: TestHXC218_IsLocalEndpoint_UnaffectedByBracketing/empty_host_is_local (0.00s)
    --- PASS: TestHXC218_IsLocalEndpoint_UnaffectedByBracketing/remote_flag_wins (0.00s)
    --- PASS: TestHXC218_IsLocalEndpoint_UnaffectedByBracketing/routable_ipv6_is_not_local (0.00s)
=== RUN   TestHXC218_ResolveHostPort_DoesNotMutateHost
--- PASS: TestHXC218_ResolveHostPort_DoesNotMutateHost (0.00s)
PASS
ok  	digital.vasic.containers/pkg/endpoint	0.006s
=== RUN   TestDefaultChecker_Register_OverridesExisting
--- PASS: TestDefaultChecker_Register_OverridesExisting (0.00s)
=== RUN   TestDefaultChecker_Check_UnknownType
--- PASS: TestDefaultChecker_Check_UnknownType (0.00s)
=== RUN   TestDefaultChecker_Check_RespectsTimeout
--- PASS: TestDefaultChecker_Check_RespectsTimeout (0.00s)
=== RUN   TestDefaultChecker_CheckAll_Concurrent
--- PASS: TestDefaultChecker_CheckAll_Concurrent (0.00s)
=== RUN   TestDefaultChecker_CheckAll_PreservesOrder
--- PASS: TestDefaultChecker_CheckAll_PreservesOrder (0.00s)
=== RUN   TestDefaultChecker_Check_NoTimeout
--- PASS: TestDefaultChecker_Check_NoTimeout (0.00s)
=== RUN   TestDefaultChecker_CheckAll_Empty
--- PASS: TestDefaultChecker_CheckAll_Empty (0.00s)
=== RUN   TestNewCustomCheckFunc_Success
--- PASS: TestNewCustomCheckFunc_Success (0.00s)
=== RUN   TestNewCustomCheckFunc_Failure
--- PASS: TestNewCustomCheckFunc_Failure (0.00s)
=== RUN   TestNewCustomCheckFunc_TableDriven
=== RUN   TestNewCustomCheckFunc_TableDriven/healthy_service
=== RUN   TestNewCustomCheckFunc_TableDriven/timeout_error
=== RUN   TestNewCustomCheckFunc_TableDriven/auth_error
--- PASS: TestNewCustomCheckFunc_TableDriven (0.00s)
    --- PASS: TestNewCustomCheckFunc_TableDriven/healthy_service (0.00s)
    --- PASS: TestNewCustomCheckFunc_TableDriven/timeout_error (0.00s)
    --- PASS: TestNewCustomCheckFunc_TableDriven/auth_error (0.00s)
=== RUN   TestNewCustomCheckFunc_MeasuresDuration
--- PASS: TestNewCustomCheckFunc_MeasuresDuration (0.05s)
=== RUN   TestNewCustomCheckFunc_RegisterWithChecker
--- PASS: TestNewCustomCheckFunc_RegisterWithChecker (0.00s)
=== RUN   TestGPUHealthCheck_SufficientVRAM
--- PASS: TestGPUHealthCheck_SufficientVRAM (0.00s)
=== RUN   TestGPUHealthCheck_InsufficientVRAM
--- PASS: TestGPUHealthCheck_InsufficientVRAM (0.00s)
=== RUN   TestGPUHealthCheck_ProbeError
--- PASS: TestGPUHealthCheck_ProbeError (0.00s)
=== RUN   TestCheckGRPC_Healthy
--- PASS: TestCheckGRPC_Healthy (0.00s)
=== RUN   TestCheckGRPC_Unhealthy
--- PASS: TestCheckGRPC_Unhealthy (0.00s)
=== RUN   TestCheckGRPC_TableDriven
=== RUN   TestCheckGRPC_TableDriven/open_port_succeeds
=== RUN   TestCheckGRPC_TableDriven/closed_port_fails
--- PASS: TestCheckGRPC_TableDriven (0.00s)
    --- PASS: TestCheckGRPC_TableDriven/open_port_succeeds (0.00s)
    --- PASS: TestCheckGRPC_TableDriven/closed_port_fails (0.00s)
=== RUN   TestCheckGRPC_RespectsContextCancellation
--- PASS: TestCheckGRPC_RespectsContextCancellation (0.20s)
=== RUN   TestCheckGRPC_DefaultTimeout
--- PASS: TestCheckGRPC_DefaultTimeout (0.10s)
=== RUN   TestCheckGRPC_NegativeTimeout
--- PASS: TestCheckGRPC_NegativeTimeout (0.00s)
=== RUN   TestHelixServiceHealthChecker_Check_HonorsContextCancellation
--- PASS: TestHelixServiceHealthChecker_Check_HonorsContextCancellation (0.00s)
=== RUN   TestNewHelixServiceHealthChecker
--- PASS: TestNewHelixServiceHealthChecker (0.00s)
=== RUN   TestHelixServiceHealthChecker_Check_TCP
--- PASS: TestHelixServiceHealthChecker_Check_TCP (0.00s)
=== RUN   TestHelixServiceHealthChecker_Check_HTTP
--- PASS: TestHelixServiceHealthChecker_Check_HTTP (0.00s)
=== RUN   TestHelixServiceHealthChecker_Nil
--- PASS: TestHelixServiceHealthChecker_Nil (0.00s)
=== RUN   TestAllHelixHealthCheckers
--- PASS: TestAllHelixHealthCheckers (0.00s)
=== RUN   TestHelixServiceHealthChecker_CheckType_Mutation
--- PASS: TestHelixServiceHealthChecker_CheckType_Mutation (0.00s)
=== RUN   TestCheckHTTP_Healthy_200
--- PASS: TestCheckHTTP_Healthy_200 (0.00s)
=== RUN   TestCheckHTTP_Healthy_404
--- PASS: TestCheckHTTP_Healthy_404 (0.00s)
=== RUN   TestCheckHTTP_Unhealthy_500
--- PASS: TestCheckHTTP_Unhealthy_500 (0.00s)
=== RUN   TestCheckHTTP_Unhealthy_ConnectionRefused
--- PASS: TestCheckHTTP_Unhealthy_ConnectionRefused (0.00s)
=== RUN   TestCheckHTTP_TableDriven
=== RUN   TestCheckHTTP_TableDriven/200_OK
=== RUN   TestCheckHTTP_TableDriven/201_Created
=== RUN   TestCheckHTTP_TableDriven/204_No_Content
=== RUN   TestCheckHTTP_TableDriven/301_Redirect
=== RUN   TestCheckHTTP_TableDriven/400_Bad_Request
=== RUN   TestCheckHTTP_TableDriven/403_Forbidden
=== RUN   TestCheckHTTP_TableDriven/500_Internal_Server_Error
=== RUN   TestCheckHTTP_TableDriven/502_Bad_Gateway
=== RUN   TestCheckHTTP_TableDriven/503_Service_Unavailable
--- PASS: TestCheckHTTP_TableDriven (0.00s)
    --- PASS: TestCheckHTTP_TableDriven/200_OK (0.00s)
    --- PASS: TestCheckHTTP_TableDriven/201_Created (0.00s)
    --- PASS: TestCheckHTTP_TableDriven/204_No_Content (0.00s)
    --- PASS: TestCheckHTTP_TableDriven/301_Redirect (0.00s)
    --- PASS: TestCheckHTTP_TableDriven/400_Bad_Request (0.00s)
    --- PASS: TestCheckHTTP_TableDriven/403_Forbidden (0.00s)
    --- PASS: TestCheckHTTP_TableDriven/500_Internal_Server_Error (0.00s)
    --- PASS: TestCheckHTTP_TableDriven/502_Bad_Gateway (0.00s)
    --- PASS: TestCheckHTTP_TableDriven/503_Service_Unavailable (0.00s)
=== RUN   TestCheckHTTP_ConstructsURLFromHostPort
--- PASS: TestCheckHTTP_ConstructsURLFromHostPort (0.00s)
=== RUN   TestCheckHTTP_InvalidURL
--- PASS: TestCheckHTTP_InvalidURL (0.00s)
=== RUN   TestCheckHTTP_DefaultTimeout
--- PASS: TestCheckHTTP_DefaultTimeout (0.00s)
=== RUN   TestCheckHTTP_DefaultPath
--- PASS: TestCheckHTTP_DefaultPath (0.00s)
=== RUN   TestCheckHTTP_NegativeTimeout
--- PASS: TestCheckHTTP_NegativeTimeout (0.00s)
=== RUN   TestHXC218_CheckHTTP_IPv6EmitsResolvableURL
--- PASS: TestHXC218_CheckHTTP_IPv6EmitsResolvableURL (0.00s)
=== RUN   TestHXC218_CheckTCP_IPv6HostWithoutURL
--- PASS: TestHXC218_CheckTCP_IPv6HostWithoutURL (0.00s)
=== RUN   TestHXC218_ResolvedAddress_NegativeCases
=== RUN   TestHXC218_ResolvedAddress_NegativeCases/ipv4_literal_unchanged
=== RUN   TestHXC218_ResolvedAddress_NegativeCases/hostname_unchanged
=== RUN   TestHXC218_ResolvedAddress_NegativeCases/localhost_unchanged
=== RUN   TestHXC218_ResolvedAddress_NegativeCases/empty_host_and_port_unchanged
=== RUN   TestHXC218_ResolvedAddress_NegativeCases/empty_port_keeps_trailing_separator
=== RUN   TestHXC218_ResolvedAddress_NegativeCases/full_url_returned_verbatim
=== RUN   TestHXC218_ResolvedAddress_NegativeCases/ipv6_literal_bracketed
=== RUN   TestHXC218_ResolvedAddress_NegativeCases/ipv6_full_form_bracketed
=== RUN   TestHXC218_ResolvedAddress_NegativeCases/ipv6_v4mapped_bracketed
=== RUN   TestHXC218_ResolvedAddress_NegativeCases/ipv6_with_zone_bracketed
=== RUN   TestHXC218_ResolvedAddress_NegativeCases/already_bracketed_not_double_bracketed
--- PASS: TestHXC218_ResolvedAddress_NegativeCases (0.00s)
    --- PASS: TestHXC218_ResolvedAddress_NegativeCases/ipv4_literal_unchanged (0.00s)
    --- PASS: TestHXC218_ResolvedAddress_NegativeCases/hostname_unchanged (0.00s)
    --- PASS: TestHXC218_ResolvedAddress_NegativeCases/localhost_unchanged (0.00s)
    --- PASS: TestHXC218_ResolvedAddress_NegativeCases/empty_host_and_port_unchanged (0.00s)
    --- PASS: TestHXC218_ResolvedAddress_NegativeCases/empty_port_keeps_trailing_separator (0.00s)
    --- PASS: TestHXC218_ResolvedAddress_NegativeCases/full_url_returned_verbatim (0.00s)
    --- PASS: TestHXC218_ResolvedAddress_NegativeCases/ipv6_literal_bracketed (0.00s)
    --- PASS: TestHXC218_ResolvedAddress_NegativeCases/ipv6_full_form_bracketed (0.00s)
    --- PASS: TestHXC218_ResolvedAddress_NegativeCases/ipv6_v4mapped_bracketed (0.00s)
    --- PASS: TestHXC218_ResolvedAddress_NegativeCases/ipv6_with_zone_bracketed (0.00s)
    --- PASS: TestHXC218_ResolvedAddress_NegativeCases/already_bracketed_not_double_bracketed (0.00s)
=== RUN   TestHXC218_CheckHTTP_ExplicitURLIsUsedVerbatim
--- PASS: TestHXC218_CheckHTTP_ExplicitURLIsUsedVerbatim (0.00s)
=== RUN   TestCheckWithRetry_SucceedsFirstAttempt
--- PASS: TestCheckWithRetry_SucceedsFirstAttempt (0.00s)
=== RUN   TestCheckWithRetry_SucceedsAfterRetries
--- PASS: TestCheckWithRetry_SucceedsAfterRetries (0.02s)
=== RUN   TestCheckWithRetry_ExhaustsRetries
--- PASS: TestCheckWithRetry_ExhaustsRetries (0.02s)
=== RUN   TestCheckWithRetry_RespectsContextCancellation
--- PASS: TestCheckWithRetry_RespectsContextCancellation (0.12s)
=== RUN   TestCheckWithRetry_BackoffFactor
--- PASS: TestCheckWithRetry_BackoffFactor (0.35s)
=== RUN   TestDefaultRetryPolicy
--- PASS: TestDefaultRetryPolicy (0.00s)
=== RUN   TestCheckTCP_Healthy
--- PASS: TestCheckTCP_Healthy (0.00s)
=== RUN   TestCheckTCP_Unhealthy_RefusedConnection
--- PASS: TestCheckTCP_Unhealthy_RefusedConnection (0.00s)
=== RUN   TestCheckTCP_TableDriven
=== RUN   TestCheckTCP_TableDriven/open_port_succeeds
=== RUN   TestCheckTCP_TableDriven/closed_port_fails
=== RUN   TestCheckTCP_TableDriven/empty_address_fails
--- PASS: TestCheckTCP_TableDriven (0.00s)
    --- PASS: TestCheckTCP_TableDriven/open_port_succeeds (0.00s)
    --- PASS: TestCheckTCP_TableDriven/closed_port_fails (0.00s)
    --- PASS: TestCheckTCP_TableDriven/empty_address_fails (0.00s)
=== RUN   TestCheckTCP_RespectsContextDeadline
--- PASS: TestCheckTCP_RespectsContextDeadline (0.20s)
=== RUN   TestCheckTCP_DefaultTimeout
--- PASS: TestCheckTCP_DefaultTimeout (0.10s)
=== RUN   TestCheckTCP_NegativeTimeout
--- PASS: TestCheckTCP_NegativeTimeout (0.00s)
PASS
ok  	digital.vasic.containers/pkg/health	1.180s
EXIT=0
