=== POST-MERGE HXC-218 GUARDS — RED polarity (RED_MODE=1) — DISCRIMINATION PROOF ===
A guard that PASSES in BOTH polarities is blind and proves nothing (§11.4.115).
On the MERGED (fixed) artifact the RED polarity MUST FAIL: it asserts the
defect is PRESENT, and the defect is gone. A non-zero exit here is the
EXPECTED and REQUIRED outcome.

=== RUN   TestHXC218_ResolveHostPort
=== RUN   TestHXC218_ResolveHostPort/ipv4_unchanged
=== RUN   TestHXC218_ResolveHostPort/hostname_unchanged
=== RUN   TestHXC218_ResolveHostPort/empty_host_defaults_to_localhost
=== RUN   TestHXC218_ResolveHostPort/empty_port_returns_bare_host
=== RUN   TestHXC218_ResolveHostPort/ipv6_bracketed
    hxc218_ipv6_addr_test.go:79: SKIP-OK: RED_MODE=1 — "ipv6_bracketed" is a repaired case, asserted in the GREEN polarity
=== RUN   TestHXC218_ResolveHostPort/ipv6_already_bracketed_not_doubled
    hxc218_ipv6_addr_test.go:79: SKIP-OK: RED_MODE=1 — "ipv6_already_bracketed_not_doubled" is a repaired case, asserted in the GREEN polarity
--- PASS: TestHXC218_ResolveHostPort (0.00s)
    --- PASS: TestHXC218_ResolveHostPort/ipv4_unchanged (0.00s)
    --- PASS: TestHXC218_ResolveHostPort/hostname_unchanged (0.00s)
    --- PASS: TestHXC218_ResolveHostPort/empty_host_defaults_to_localhost (0.00s)
    --- PASS: TestHXC218_ResolveHostPort/empty_port_returns_bare_host (0.00s)
    --- SKIP: TestHXC218_ResolveHostPort/ipv6_bracketed (0.00s)
    --- SKIP: TestHXC218_ResolveHostPort/ipv6_already_bracketed_not_doubled (0.00s)
=== RUN   TestHXC218_ResolveHostPort_IPv6IsResolvable
    hxc218_ipv6_addr_test.go:102: RED_MODE=1 expected the pre-fix artifact to emit an unresolvable authority, but "[::1]:9000" resolved
--- FAIL: TestHXC218_ResolveHostPort_IPv6IsResolvable (0.00s)
=== RUN   TestHXC218_ResolvedURL
=== RUN   TestHXC218_ResolvedURL/explicit_url_verbatim
=== RUN   TestHXC218_ResolvedURL/ipv4_unchanged
=== RUN   TestHXC218_ResolvedURL/hostname_unchanged
=== RUN   TestHXC218_ResolvedURL/ipv6_with_port_bracketed
    hxc218_ipv6_addr_test.go:163: SKIP-OK: RED_MODE=1 — "ipv6_with_port_bracketed" is a repaired case, asserted in the GREEN polarity
=== RUN   TestHXC218_ResolvedURL/ipv6_without_port_bracketed
    hxc218_ipv6_addr_test.go:163: SKIP-OK: RED_MODE=1 — "ipv6_without_port_bracketed" is a repaired case, asserted in the GREEN polarity
--- PASS: TestHXC218_ResolvedURL (0.00s)
    --- PASS: TestHXC218_ResolvedURL/explicit_url_verbatim (0.00s)
    --- PASS: TestHXC218_ResolvedURL/ipv4_unchanged (0.00s)
    --- PASS: TestHXC218_ResolvedURL/hostname_unchanged (0.00s)
    --- SKIP: TestHXC218_ResolvedURL/ipv6_with_port_bracketed (0.00s)
    --- SKIP: TestHXC218_ResolvedURL/ipv6_without_port_bracketed (0.00s)
=== RUN   TestHXC218_ResolveHealthURL_IPv6
    hxc218_ipv6_addr_test.go:191: SKIP-OK: RED_MODE=1 — repaired case, asserted in the GREEN polarity
--- SKIP: TestHXC218_ResolveHealthURL_IPv6 (0.00s)
=== RUN   TestHXC218_IsLocalEndpoint_UnaffectedByBracketing
=== RUN   TestHXC218_IsLocalEndpoint_UnaffectedByBracketing/ipv6_loopback_is_local
=== RUN   TestHXC218_IsLocalEndpoint_UnaffectedByBracketing/ipv4_loopback_is_local
=== RUN   TestHXC218_IsLocalEndpoint_UnaffectedByBracketing/localhost_is_local
=== RUN   TestHXC218_IsLocalEndpoint_UnaffectedByBracketing/empty_host_is_local
=== RUN   TestHXC218_IsLocalEndpoint_UnaffectedByBracketing/remote_flag_wins
=== RUN   TestHXC218_IsLocalEndpoint_UnaffectedByBracketing/routable_ipv6_is_not_local
--- PASS: TestHXC218_IsLocalEndpoint_UnaffectedByBracketing (0.00s)
    --- PASS: TestHXC218_IsLocalEndpoint_UnaffectedByBracketing/ipv6_loopback_is_local (0.00s)
    --- PASS: TestHXC218_IsLocalEndpoint_UnaffectedByBracketing/ipv4_loopback_is_local (0.00s)
    --- PASS: TestHXC218_IsLocalEndpoint_UnaffectedByBracketing/localhost_is_local (0.00s)
    --- PASS: TestHXC218_IsLocalEndpoint_UnaffectedByBracketing/empty_host_is_local (0.00s)
    --- PASS: TestHXC218_IsLocalEndpoint_UnaffectedByBracketing/remote_flag_wins (0.00s)
    --- PASS: TestHXC218_IsLocalEndpoint_UnaffectedByBracketing/routable_ipv6_is_not_local (0.00s)
=== RUN   TestHXC218_ResolveHostPort_DoesNotMutateHost
--- PASS: TestHXC218_ResolveHostPort_DoesNotMutateHost (0.00s)
FAIL
FAIL	digital.vasic.containers/pkg/endpoint	0.005s
=== RUN   TestHXC218_CheckHTTP_IPv6EmitsResolvableURL
    hxc218_ipv6_addr_test.go:139: RED_MODE=1 expected the pre-fix artifact to publish the unbracketed URL "http://::1:36833/api/health", got "http://[::1]:36833/api/health" — the defect is not present, so this is not a valid RED baseline
--- FAIL: TestHXC218_CheckHTTP_IPv6EmitsResolvableURL (0.00s)
=== RUN   TestHXC218_CheckTCP_IPv6HostWithoutURL
    hxc218_ipv6_addr_test.go:215: RED_MODE=1 expected the pre-fix artifact to FAIL the dial of a LISTENING IPv6 socket, but it reported healthy (&{Target:hxc218-tcp Healthy:true Duration:77.408µs Error: Timestamp:2026-08-08 13:26:12.068115532 +0500 +05 m=+0.001504777 Details:map[address:[::1]:37123]})
--- FAIL: TestHXC218_CheckTCP_IPv6HostWithoutURL (0.00s)
=== RUN   TestHXC218_ResolvedAddress_NegativeCases
=== RUN   TestHXC218_ResolvedAddress_NegativeCases/ipv4_literal_unchanged
=== RUN   TestHXC218_ResolvedAddress_NegativeCases/hostname_unchanged
=== RUN   TestHXC218_ResolvedAddress_NegativeCases/localhost_unchanged
=== RUN   TestHXC218_ResolvedAddress_NegativeCases/empty_host_and_port_unchanged
=== RUN   TestHXC218_ResolvedAddress_NegativeCases/empty_port_keeps_trailing_separator
=== RUN   TestHXC218_ResolvedAddress_NegativeCases/full_url_returned_verbatim
=== RUN   TestHXC218_ResolvedAddress_NegativeCases/ipv6_literal_bracketed
    hxc218_ipv6_addr_test.go:329: SKIP-OK: RED_MODE=1 — "ipv6_literal_bracketed" is a repaired case, asserted in the GREEN polarity
=== RUN   TestHXC218_ResolvedAddress_NegativeCases/ipv6_full_form_bracketed
    hxc218_ipv6_addr_test.go:329: SKIP-OK: RED_MODE=1 — "ipv6_full_form_bracketed" is a repaired case, asserted in the GREEN polarity
=== RUN   TestHXC218_ResolvedAddress_NegativeCases/ipv6_v4mapped_bracketed
    hxc218_ipv6_addr_test.go:329: SKIP-OK: RED_MODE=1 — "ipv6_v4mapped_bracketed" is a repaired case, asserted in the GREEN polarity
=== RUN   TestHXC218_ResolvedAddress_NegativeCases/ipv6_with_zone_bracketed
    hxc218_ipv6_addr_test.go:329: SKIP-OK: RED_MODE=1 — "ipv6_with_zone_bracketed" is a repaired case, asserted in the GREEN polarity
=== RUN   TestHXC218_ResolvedAddress_NegativeCases/already_bracketed_not_double_bracketed
    hxc218_ipv6_addr_test.go:329: SKIP-OK: RED_MODE=1 — "already_bracketed_not_double_bracketed" is a repaired case, asserted in the GREEN polarity
--- PASS: TestHXC218_ResolvedAddress_NegativeCases (0.00s)
    --- PASS: TestHXC218_ResolvedAddress_NegativeCases/ipv4_literal_unchanged (0.00s)
    --- PASS: TestHXC218_ResolvedAddress_NegativeCases/hostname_unchanged (0.00s)
    --- PASS: TestHXC218_ResolvedAddress_NegativeCases/localhost_unchanged (0.00s)
    --- PASS: TestHXC218_ResolvedAddress_NegativeCases/empty_host_and_port_unchanged (0.00s)
    --- PASS: TestHXC218_ResolvedAddress_NegativeCases/empty_port_keeps_trailing_separator (0.00s)
    --- PASS: TestHXC218_ResolvedAddress_NegativeCases/full_url_returned_verbatim (0.00s)
    --- SKIP: TestHXC218_ResolvedAddress_NegativeCases/ipv6_literal_bracketed (0.00s)
    --- SKIP: TestHXC218_ResolvedAddress_NegativeCases/ipv6_full_form_bracketed (0.00s)
    --- SKIP: TestHXC218_ResolvedAddress_NegativeCases/ipv6_v4mapped_bracketed (0.00s)
    --- SKIP: TestHXC218_ResolvedAddress_NegativeCases/ipv6_with_zone_bracketed (0.00s)
    --- SKIP: TestHXC218_ResolvedAddress_NegativeCases/already_bracketed_not_double_bracketed (0.00s)
=== RUN   TestHXC218_CheckHTTP_ExplicitURLIsUsedVerbatim
--- PASS: TestHXC218_CheckHTTP_ExplicitURLIsUsedVerbatim (0.00s)
FAIL
FAIL	digital.vasic.containers/pkg/health	0.007s
FAIL
EXIT=1  (non-zero == guard discriminates == GOOD)
