=== POST-MERGE UPSTREAM GUARDS (Wave-20 EP / EP2 / EP-HARD) ===
The resolution kept ours at the join sites; upstream's OWN guards must
still pass, or the resolution silently broke THEIR fix (§11.4.120).

=== RUN   TestWave20_EP2_BracketedIPv6NotDoubleWrapped
=== RUN   TestWave20_EP2_BracketedIPv6NotDoubleWrapped/hostport/bracketed_loopback
=== RUN   TestWave20_EP2_BracketedIPv6NotDoubleWrapped/hostport/bracketed_full
=== RUN   TestWave20_EP2_BracketedIPv6NotDoubleWrapped/hostport/bare_loopback_unchanged
=== RUN   TestWave20_EP2_BracketedIPv6NotDoubleWrapped/hostport/ipv4_unchanged
=== RUN   TestWave20_EP2_BracketedIPv6NotDoubleWrapped/hostport/hostname_unchanged
=== RUN   TestWave20_EP2_BracketedIPv6NotDoubleWrapped/url/bracketed_loopback_url
=== RUN   TestWave20_EP2_BracketedIPv6NotDoubleWrapped/url/bracketed_full_url
=== RUN   TestWave20_EP2_BracketedIPv6NotDoubleWrapped/url/bracketed_https-in-host
=== RUN   TestWave20_EP2_BracketedIPv6NotDoubleWrapped/url/bare_loopback_url
--- PASS: TestWave20_EP2_BracketedIPv6NotDoubleWrapped (0.00s)
    --- PASS: TestWave20_EP2_BracketedIPv6NotDoubleWrapped/hostport/bracketed_loopback (0.00s)
    --- PASS: TestWave20_EP2_BracketedIPv6NotDoubleWrapped/hostport/bracketed_full (0.00s)
    --- PASS: TestWave20_EP2_BracketedIPv6NotDoubleWrapped/hostport/bare_loopback_unchanged (0.00s)
    --- PASS: TestWave20_EP2_BracketedIPv6NotDoubleWrapped/hostport/ipv4_unchanged (0.00s)
    --- PASS: TestWave20_EP2_BracketedIPv6NotDoubleWrapped/hostport/hostname_unchanged (0.00s)
    --- PASS: TestWave20_EP2_BracketedIPv6NotDoubleWrapped/url/bracketed_loopback_url (0.00s)
    --- PASS: TestWave20_EP2_BracketedIPv6NotDoubleWrapped/url/bracketed_full_url (0.00s)
    --- PASS: TestWave20_EP2_BracketedIPv6NotDoubleWrapped/url/bracketed_https-in-host (0.00s)
    --- PASS: TestWave20_EP2_BracketedIPv6NotDoubleWrapped/url/bare_loopback_url (0.00s)
=== RUN   TestWave20_EP2_IsLocalEndpoint_BracketedLoopback
=== RUN   TestWave20_EP2_IsLocalEndpoint_BracketedLoopback/bracketed_loopback_is_local
=== RUN   TestWave20_EP2_IsLocalEndpoint_BracketedLoopback/bare_loopback_is_local
=== RUN   TestWave20_EP2_IsLocalEndpoint_BracketedLoopback/bracketed_non-loopback_is_not_local
=== RUN   TestWave20_EP2_IsLocalEndpoint_BracketedLoopback/bracketed_loopback_+_remote_overrides
=== RUN   TestWave20_EP2_IsLocalEndpoint_BracketedLoopback/ipv4_loopback_is_local
=== RUN   TestWave20_EP2_IsLocalEndpoint_BracketedLoopback/external_host_not_local
--- PASS: TestWave20_EP2_IsLocalEndpoint_BracketedLoopback (0.00s)
    --- PASS: TestWave20_EP2_IsLocalEndpoint_BracketedLoopback/bracketed_loopback_is_local (0.00s)
    --- PASS: TestWave20_EP2_IsLocalEndpoint_BracketedLoopback/bare_loopback_is_local (0.00s)
    --- PASS: TestWave20_EP2_IsLocalEndpoint_BracketedLoopback/bracketed_non-loopback_is_not_local (0.00s)
    --- PASS: TestWave20_EP2_IsLocalEndpoint_BracketedLoopback/bracketed_loopback_+_remote_overrides (0.00s)
    --- PASS: TestWave20_EP2_IsLocalEndpoint_BracketedLoopback/ipv4_loopback_is_local (0.00s)
    --- PASS: TestWave20_EP2_IsLocalEndpoint_BracketedLoopback/external_host_not_local (0.00s)
=== RUN   TestWave20_EP1_ResolveHostPort_IPv6Bracketed
=== RUN   TestWave20_EP1_ResolveHostPort_IPv6Bracketed/ipv6_loopback
=== RUN   TestWave20_EP1_ResolveHostPort_IPv6Bracketed/ipv6_full
=== RUN   TestWave20_EP1_ResolveHostPort_IPv6Bracketed/ipv4_unchanged
=== RUN   TestWave20_EP1_ResolveHostPort_IPv6Bracketed/hostname_unchanged
=== RUN   TestWave20_EP1_ResolveHostPort_IPv6Bracketed/host_only_unchanged
=== RUN   TestWave20_EP1_ResolveHostPort_IPv6Bracketed/empty_host_defaults
--- PASS: TestWave20_EP1_ResolveHostPort_IPv6Bracketed (0.00s)
    --- PASS: TestWave20_EP1_ResolveHostPort_IPv6Bracketed/ipv6_loopback (0.00s)
    --- PASS: TestWave20_EP1_ResolveHostPort_IPv6Bracketed/ipv6_full (0.00s)
    --- PASS: TestWave20_EP1_ResolveHostPort_IPv6Bracketed/ipv4_unchanged (0.00s)
    --- PASS: TestWave20_EP1_ResolveHostPort_IPv6Bracketed/hostname_unchanged (0.00s)
    --- PASS: TestWave20_EP1_ResolveHostPort_IPv6Bracketed/host_only_unchanged (0.00s)
    --- PASS: TestWave20_EP1_ResolveHostPort_IPv6Bracketed/empty_host_defaults (0.00s)
=== RUN   TestWave20_EP1_ResolvedURL_IPv6_Parseable
--- PASS: TestWave20_EP1_ResolvedURL_IPv6_Parseable (0.00s)
=== RUN   TestWave20_EP2_ResolveScheme_AgreesWithResolvedURL
=== RUN   TestWave20_EP2_ResolveScheme_AgreesWithResolvedURL/https_in_host
=== RUN   TestWave20_EP2_ResolveScheme_AgreesWithResolvedURL/http_in_host
=== RUN   TestWave20_EP2_ResolveScheme_AgreesWithResolvedURL/bare_host_defaults_http
=== RUN   TestWave20_EP2_ResolveScheme_AgreesWithResolvedURL/https_url
=== RUN   TestWave20_EP2_ResolveScheme_AgreesWithResolvedURL/http_url
--- PASS: TestWave20_EP2_ResolveScheme_AgreesWithResolvedURL (0.00s)
    --- PASS: TestWave20_EP2_ResolveScheme_AgreesWithResolvedURL/https_in_host (0.00s)
    --- PASS: TestWave20_EP2_ResolveScheme_AgreesWithResolvedURL/http_in_host (0.00s)
    --- PASS: TestWave20_EP2_ResolveScheme_AgreesWithResolvedURL/bare_host_defaults_http (0.00s)
    --- PASS: TestWave20_EP2_ResolveScheme_AgreesWithResolvedURL/https_url (0.00s)
    --- PASS: TestWave20_EP2_ResolveScheme_AgreesWithResolvedURL/http_url (0.00s)
=== RUN   TestWave20_EP3_Validate_RejectsInvalid
=== RUN   TestWave20_EP3_Validate_RejectsInvalid/non-numeric_port
=== RUN   TestWave20_EP3_Validate_RejectsInvalid/port_too_high
=== RUN   TestWave20_EP3_Validate_RejectsInvalid/port_negative
=== RUN   TestWave20_EP3_Validate_RejectsInvalid/port_zero
=== RUN   TestWave20_EP3_Validate_RejectsInvalid/host_with_whitespace
=== RUN   TestWave20_EP3_Validate_RejectsInvalid/unknown_health_type
=== RUN   TestWave20_EP3_Validate_RejectsInvalid/enabled_empty_host+url
=== RUN   TestWave20_EP3_Validate_RejectsInvalid/required_empty_host+url
=== RUN   TestWave20_EP3_Validate_RejectsInvalid/well-formed_host:port
=== RUN   TestWave20_EP3_Validate_RejectsInvalid/well-formed_ipv6
=== RUN   TestWave20_EP3_Validate_RejectsInvalid/well-formed_url_only
=== RUN   TestWave20_EP3_Validate_RejectsInvalid/disabled_empty_is_fine
--- PASS: TestWave20_EP3_Validate_RejectsInvalid (0.00s)
    --- PASS: TestWave20_EP3_Validate_RejectsInvalid/non-numeric_port (0.00s)
    --- PASS: TestWave20_EP3_Validate_RejectsInvalid/port_too_high (0.00s)
    --- PASS: TestWave20_EP3_Validate_RejectsInvalid/port_negative (0.00s)
    --- PASS: TestWave20_EP3_Validate_RejectsInvalid/port_zero (0.00s)
    --- PASS: TestWave20_EP3_Validate_RejectsInvalid/host_with_whitespace (0.00s)
    --- PASS: TestWave20_EP3_Validate_RejectsInvalid/unknown_health_type (0.00s)
    --- PASS: TestWave20_EP3_Validate_RejectsInvalid/enabled_empty_host+url (0.00s)
    --- PASS: TestWave20_EP3_Validate_RejectsInvalid/required_empty_host+url (0.00s)
    --- PASS: TestWave20_EP3_Validate_RejectsInvalid/well-formed_host:port (0.00s)
    --- PASS: TestWave20_EP3_Validate_RejectsInvalid/well-formed_ipv6 (0.00s)
    --- PASS: TestWave20_EP3_Validate_RejectsInvalid/well-formed_url_only (0.00s)
    --- PASS: TestWave20_EP3_Validate_RejectsInvalid/disabled_empty_is_fine (0.00s)
=== RUN   TestWave20_EP3_BuildUnchanged_BuildValidatedGates
--- PASS: TestWave20_EP3_BuildUnchanged_BuildValidatedGates (0.00s)
PASS
ok  	digital.vasic.containers/pkg/endpoint	0.005s
=== RUN   TestWave20_HEALTH2_CheckOnceZeroTimeoutTCP_UsesDefaultNotInstantFail
--- PASS: TestWave20_HEALTH2_CheckOnceZeroTimeoutTCP_UsesDefaultNotInstantFail (0.00s)
=== RUN   TestWave20_HEALTH2_CheckOnceZeroTimeoutHTTP_UsesDefaultNotInstantFail
--- PASS: TestWave20_HEALTH2_CheckOnceZeroTimeoutHTTP_UsesDefaultNotInstantFail (0.00s)
=== RUN   TestWave20_HEALTH2_CheckOncePositiveTimeout_NegativeControl
--- PASS: TestWave20_HEALTH2_CheckOncePositiveTimeout_NegativeControl (0.00s)
PASS
ok  	digital.vasic.containers/pkg/health	0.005s
EXIT=0
