=== POST-MERGE FULL MODULE UNIT SUITE (go test -tags=nogui ./...) ===
date -u: Sat Aug  8 08:26:36 AM UTC 2026

ok  	digital.vasic.containers/challenges	0.004s
?   	digital.vasic.containers/cmd/applesim	[no test files]
?   	digital.vasic.containers/cmd/boot	[no test files]
?   	digital.vasic.containers/cmd/ctop	[no test files]
?   	digital.vasic.containers/cmd/deploy-stack	[no test files]
?   	digital.vasic.containers/cmd/distributed-build	[no test files]
?   	digital.vasic.containers/cmd/distributed-test	[no test files]
?   	digital.vasic.containers/cmd/emulator-canary	[no test files]
?   	digital.vasic.containers/cmd/emulator-cleanup	[no test files]
?   	digital.vasic.containers/cmd/emulator-matrix	[no test files]
?   	digital.vasic.containers/cmd/genymotion	[no test files]
?   	digital.vasic.containers/cmd/ota-device-emu-boot	[no test files]
?   	digital.vasic.containers/cmd/vm-matrix	[no test files]
ok  	digital.vasic.containers/internal/buildpkg	0.004s
ok  	digital.vasic.containers/internal/exec	0.342s
ok  	digital.vasic.containers/internal/netaddr	0.003s
ok  	digital.vasic.containers/internal/platform	0.003s
ok  	digital.vasic.containers/pkg/applesim	0.804s
ok  	digital.vasic.containers/pkg/boot	0.006s
ok  	digital.vasic.containers/pkg/brokertest	21.077s
ok  	digital.vasic.containers/pkg/cache	0.350s
ok  	digital.vasic.containers/pkg/compose	14.783s
ok  	digital.vasic.containers/pkg/crossbuild	21.318s
ok  	digital.vasic.containers/pkg/ctop	1.665s
ok  	digital.vasic.containers/pkg/cuttlefish	15.375s
ok  	digital.vasic.containers/pkg/discovery	0.110s
ok  	digital.vasic.containers/pkg/distribution	30.461s
ok  	digital.vasic.containers/pkg/egress	0.716s
ok  	digital.vasic.containers/pkg/emulator	21.803s
ok  	digital.vasic.containers/pkg/endpoint	0.006s
ok  	digital.vasic.containers/pkg/envconfig	0.005s
ok  	digital.vasic.containers/pkg/event	2.925s
ok  	digital.vasic.containers/pkg/genymotion	2.513s
ok  	digital.vasic.containers/pkg/health	1.684s
ok  	digital.vasic.containers/pkg/i18n	0.002s
ok  	digital.vasic.containers/pkg/lazyservice	3.317s
ok  	digital.vasic.containers/pkg/lifecycle	2.737s
ok  	digital.vasic.containers/pkg/logging	0.005s
ok  	digital.vasic.containers/pkg/metrics	0.006s
ok  	digital.vasic.containers/pkg/monitor	0.988s
ok  	digital.vasic.containers/pkg/network	4.025s
ok  	digital.vasic.containers/pkg/orchestrator	90.278s
ok  	digital.vasic.containers/pkg/policy	0.005s
ok  	digital.vasic.containers/pkg/remote	21.086s
ok  	digital.vasic.containers/pkg/remote/connection	0.004s
ok  	digital.vasic.containers/pkg/remoteexec	6.780s
ok  	digital.vasic.containers/pkg/runtime	0.028s
ok  	digital.vasic.containers/pkg/scheduler	0.008s
ok  	digital.vasic.containers/pkg/serviceregistry	0.470s
ok  	digital.vasic.containers/pkg/vm	4.620s
ok  	digital.vasic.containers/pkg/vm/ios	0.005s
ok  	digital.vasic.containers/pkg/vm/macos	0.005s
ok  	digital.vasic.containers/pkg/volume	3.070s
ok  	digital.vasic.containers/scripts/anti-bluff/tests/fixtures	0.004s
ok  	digital.vasic.containers/tests/benchmark	0.004s [no tests to run]
ok  	digital.vasic.containers/tests/integration	0.004s
EXIT=0
