time="2026-07-06T15:41:59+05:00" level=info msg="Using /usr/lib64/libnvidia-ml.so.570.169"
time="2026-07-06T15:41:59+05:00" level=warning msg="Ignoring error in locating libnvidia-sandboxutils.so.1: pattern libnvidia-sandboxutils.so.1 not found\nlibnvidia-sandboxutils.so.1: not found"
time="2026-07-06T15:41:59+05:00" level=warning msg="Failed to init nvsandboxutils: ERROR_LIBRARY_LOAD; ignoring"
time="2026-07-06T15:41:59+05:00" level=info msg="Auto-detected mode as 'nvml'"
time="2026-07-06T15:41:59+05:00" level=info msg="Selecting /dev/nvidia0 as /dev/nvidia0"
time="2026-07-06T15:41:59+05:00" level=info msg="Selecting /dev/dri/card0 as /dev/dri/card0"
time="2026-07-06T15:41:59+05:00" level=warning msg="Could not locate /dev/dri/controlD64: pattern /dev/dri/controlD64 not found"
time="2026-07-06T15:41:59+05:00" level=info msg="Selecting /dev/dri/renderD128 as /dev/dri/renderD128"
time="2026-07-06T15:41:59+05:00" level=info msg="Selecting /dev/nvidia0 as /dev/nvidia0"
time="2026-07-06T15:41:59+05:00" level=info msg="Selecting /dev/dri/card0 as /dev/dri/card0"
time="2026-07-06T15:41:59+05:00" level=warning msg="Could not locate /dev/dri/controlD64: pattern /dev/dri/controlD64 not found"
time="2026-07-06T15:41:59+05:00" level=info msg="Selecting /dev/dri/renderD128 as /dev/dri/renderD128"
time="2026-07-06T15:41:59+05:00" level=info msg="Using driver version 570.169"
time="2026-07-06T15:41:59+05:00" level=info msg="Selecting /dev/nvidia-modeset as /dev/nvidia-modeset"
time="2026-07-06T15:41:59+05:00" level=info msg="Selecting /dev/nvidia-uvm-tools as /dev/nvidia-uvm-tools"
time="2026-07-06T15:41:59+05:00" level=info msg="Selecting /dev/nvidia-uvm as /dev/nvidia-uvm"
time="2026-07-06T15:41:59+05:00" level=info msg="Selecting /dev/nvidiactl as /dev/nvidiactl"
time="2026-07-06T15:41:59+05:00" level=info msg="Selecting /usr/lib64/libnvidia-egl-gbm.so.1.1.2 as /usr/lib64/libnvidia-egl-gbm.so.1.1.2"
time="2026-07-06T15:41:59+05:00" level=info msg="Selecting /usr/lib64/libnvidia-egl-wayland.so.1.1.19 as /usr/lib64/libnvidia-egl-wayland.so.1.1.19"
time="2026-07-06T15:41:59+05:00" level=warning msg="Could not locate libnvidia-allocator.so.570.169: pattern libnvidia-allocator.so.570.169 not found\nlibnvidia-allocator.so.570.169: not found"
time="2026-07-06T15:41:59+05:00" level=warning msg="Could not locate libnvidia-vulkan-producer.so.570.169: pattern libnvidia-vulkan-producer.so.570.169 not found\nlibnvidia-vulkan-producer.so.570.169: not found"
time="2026-07-06T15:41:59+05:00" level=info msg="Selecting /usr/lib64/nvidia_390.157/nvidia_drv.so as /usr/lib64/nvidia_390.157/nvidia_drv.so"
time="2026-07-06T15:41:59+05:00" level=info msg="Selecting /usr/lib64/nvidia_470.256.02/libglxserver_nvidia.so as /usr/lib64/nvidia_470.256.02/libglxserver_nvidia.so"
time="2026-07-06T15:41:59+05:00" level=warning msg="Could not locate glvnd/egl_vendor.d/10_nvidia.json: pattern glvnd/egl_vendor.d/10_nvidia.json not found"
time="2026-07-06T15:41:59+05:00" level=info msg="Selecting /usr/share/egl/egl_external_platform.d/15_nvidia_gbm.json as /usr/share/egl/egl_external_platform.d/15_nvidia_gbm.json"
time="2026-07-06T15:41:59+05:00" level=info msg="Selecting /usr/share/egl/egl_external_platform.d/10_nvidia_wayland.json as /usr/share/egl/egl_external_platform.d/10_nvidia_wayland.json"
time="2026-07-06T15:41:59+05:00" level=info msg="Selecting /usr/share/nvidia/nvoptix.bin as /usr/share/nvidia/nvoptix.bin"
time="2026-07-06T15:41:59+05:00" level=warning msg="Could not locate X11/xorg.conf.d/10-nvidia.conf: pattern X11/xorg.conf.d/10-nvidia.conf not found"
time="2026-07-06T15:41:59+05:00" level=warning msg="Could not locate X11/xorg.conf.d/nvidia-drm-outputclass.conf: pattern X11/xorg.conf.d/nvidia-drm-outputclass.conf not found"
time="2026-07-06T15:41:59+05:00" level=info msg="Selecting /usr/share/vulkan/icd.d/nvidia_icd.json as /etc/vulkan/icd.d/nvidia_icd.json"
time="2026-07-06T15:41:59+05:00" level=warning msg="Could not locate vulkan/icd.d/nvidia_layers.json: pattern vulkan/icd.d/nvidia_layers.json not found\npattern vulkan/icd.d/nvidia_layers.json not found"
time="2026-07-06T15:41:59+05:00" level=info msg="Selecting /usr/share/vulkan/implicit_layer.d/nvidia_layers.json as /etc/vulkan/implicit_layer.d/nvidia_layers.json"
time="2026-07-06T15:41:59+05:00" level=warning msg="Could not locate vulkan/icd.d/nvidia_icd.x86_64.json: pattern vulkan/icd.d/nvidia_icd.x86_64.json not found\npattern vulkan/icd.d/nvidia_icd.x86_64.json not found"
time="2026-07-06T15:41:59+05:00" level=info msg="Selecting /usr/lib64/libcuda.so.570.169 as /usr/lib64/libcuda.so.570.169"
time="2026-07-06T15:41:59+05:00" level=info msg="Selecting /usr/lib64/libnvcuvid.so.570.169 as /usr/lib64/libnvcuvid.so.570.169"
time="2026-07-06T15:41:59+05:00" level=info msg="Selecting /usr/lib64/libnvidia-eglcore.so.570.169 as /usr/lib64/libnvidia-eglcore.so.570.169"
time="2026-07-06T15:41:59+05:00" level=info msg="Selecting /usr/lib64/libnvidia-encode.so.570.169 as /usr/lib64/libnvidia-encode.so.570.169"
time="2026-07-06T15:41:59+05:00" level=info msg="Selecting /usr/lib64/libnvidia-glcore.so.570.169 as /usr/lib64/libnvidia-glcore.so.570.169"
time="2026-07-06T15:41:59+05:00" level=info msg="Selecting /usr/lib64/libnvidia-glsi.so.570.169 as /usr/lib64/libnvidia-glsi.so.570.169"
time="2026-07-06T15:41:59+05:00" level=info msg="Selecting /usr/lib64/libnvidia-glvkspirv.so.570.169 as /usr/lib64/libnvidia-glvkspirv.so.570.169"
time="2026-07-06T15:41:59+05:00" level=info msg="Selecting /usr/lib64/libnvidia-gpucomp.so.570.169 as /usr/lib64/libnvidia-gpucomp.so.570.169"
time="2026-07-06T15:41:59+05:00" level=info msg="Selecting /usr/lib64/libnvidia-ml.so.570.169 as /usr/lib64/libnvidia-ml.so.570.169"
time="2026-07-06T15:41:59+05:00" level=info msg="Selecting /usr/lib64/libnvidia-nvvm.so.570.169 as /usr/lib64/libnvidia-nvvm.so.570.169"
time="2026-07-06T15:41:59+05:00" level=info msg="Selecting /usr/lib64/libnvidia-opencl.so.570.169 as /usr/lib64/libnvidia-opencl.so.570.169"
time="2026-07-06T15:41:59+05:00" level=info msg="Selecting /usr/lib64/libnvidia-opticalflow.so.570.169 as /usr/lib64/libnvidia-opticalflow.so.570.169"
time="2026-07-06T15:41:59+05:00" level=info msg="Selecting /usr/lib64/libnvidia-pkcs11-openssl3.so.570.169 as /usr/lib64/libnvidia-pkcs11-openssl3.so.570.169"
time="2026-07-06T15:41:59+05:00" level=info msg="Selecting /usr/lib64/libnvidia-ptxjitcompiler.so.570.169 as /usr/lib64/libnvidia-ptxjitcompiler.so.570.169"
time="2026-07-06T15:41:59+05:00" level=info msg="Selecting /usr/lib64/libnvidia-rtcore.so.570.169 as /usr/lib64/libnvidia-rtcore.so.570.169"
time="2026-07-06T15:41:59+05:00" level=info msg="Selecting /usr/lib64/libnvidia-tls.so.570.169 as /usr/lib64/libnvidia-tls.so.570.169"
time="2026-07-06T15:41:59+05:00" level=info msg="Selecting /usr/lib64/libnvidia-vksc-core.so.570.169 as /usr/lib64/libnvidia-vksc-core.so.570.169"
time="2026-07-06T15:41:59+05:00" level=info msg="Selecting /usr/lib64/libnvidia-wayland-client.so.570.169 as /usr/lib64/libnvidia-wayland-client.so.570.169"
time="2026-07-06T15:41:59+05:00" level=info msg="Selecting /usr/lib64/libnvoptix.so.570.169 as /usr/lib64/libnvoptix.so.570.169"
time="2026-07-06T15:41:59+05:00" level=warning msg="Could not locate /nvidia-persistenced/socket: pattern /nvidia-persistenced/socket not found"
time="2026-07-06T15:41:59+05:00" level=warning msg="Could not locate /nvidia-fabricmanager/socket: pattern /nvidia-fabricmanager/socket not found"
time="2026-07-06T15:41:59+05:00" level=warning msg="Could not locate /tmp/nvidia-mps: pattern /tmp/nvidia-mps not found"
time="2026-07-06T15:41:59+05:00" level=info msg="Selecting /lib/firmware/nvidia/570.169/gsp_ga10x.bin as /lib/firmware/nvidia/570.169/gsp_ga10x.bin"
time="2026-07-06T15:41:59+05:00" level=info msg="Selecting /lib/firmware/nvidia/570.169/gsp_tu10x.bin as /lib/firmware/nvidia/570.169/gsp_tu10x.bin"
time="2026-07-06T15:41:59+05:00" level=info msg="Selecting /usr/bin/nvidia-smi as /usr/bin/nvidia-smi"
time="2026-07-06T15:41:59+05:00" level=warning msg="Could not locate nvidia-debugdump: pattern nvidia-debugdump not found"
time="2026-07-06T15:41:59+05:00" level=warning msg="Could not locate nvidia-persistenced: pattern nvidia-persistenced not found"
time="2026-07-06T15:41:59+05:00" level=warning msg="Could not locate nvidia-cuda-mps-control: pattern nvidia-cuda-mps-control not found"
time="2026-07-06T15:41:59+05:00" level=warning msg="Could not locate nvidia-cuda-mps-server: pattern nvidia-cuda-mps-server not found"
time="2026-07-06T15:41:59+05:00" level=warning msg="Could not locate nvidia-imex: pattern nvidia-imex not found"
time="2026-07-06T15:41:59+05:00" level=warning msg="Could not locate nvidia-imex-ctl: pattern nvidia-imex-ctl not found"
time="2026-07-06T15:41:59+05:00" level=info msg="Generated CDI spec with version 1.1.0"
