🚀 Starting HelixCode Server v3.0.0
📅 Build: 2026-07-13_01:45:46
🔧 Commit: 285165aa

INFO: Using config file: /home/milos/Factory/projects/tools_and_research/helix_code/docs/qa/feat_helixllm_route_a21ad7ca_20260728T101301Z/ephemeral-config.yaml
2026/07/28 15:13:01 ℹ️  Infra auto-boot disabled — using configured infrastructure
2026/07/28 15:13:01 ✅ Database connection established successfully
2026/07/28 15:13:01 ✅ Database schema already exists
2026/07/28 15:13:01 ✅ Loaded 1 plugin(s) into the server plugin registry
2026/07/28 15:13:01 🔄 Verifier poller started (interval: 1m0s)
2026/07/28 15:13:01 ✅ LLMsVerifier connected: http://localhost:8100
2026/07/28 15:13:01 🌐 Starting HTTP server on 127.0.0.1
2026/07/28 15:13:01 🚀 Starting HelixCode server on 127.0.0.1:34009
[GIN] 2026/07/28 - 15:13:02 | 200 | 940.962µs |       127.0.0.1 | GET      "/health"
2026/07/28 15:13:02 ✅ helixllm provider initialized with 1 models
2026/07/28 15:13:02 ✅ helixllm provider closed
[GIN] 2026/07/28 - 15:13:02 | 200 |  76.52ms |       127.0.0.1 | POST     "/v1/chat/completions"
2026/07/28 15:13:02 🛑 Shutting down server...
2026/07/28 15:13:02 🛑 Verifier poller stopped
2026/07/28 15:13:02 ✅ Server exited properly
2026/07/28 15:13:02 ✅ Database connection pool closed
