🚀 Starting HelixCode Server v1.0.0
📅 Build: unknown
🔧 Commit: unknown

INFO: Using config file: /home/milos/Factory/projects/tools_and_research/helix_code/docs/qa/feat_helixllm_route_a21ad7ca_20260728T104108Z/ephemeral-config.yaml
2026/07/28 15:41:08 ℹ️  Infra auto-boot disabled — using configured infrastructure
2026/07/28 15:41:08 ✅ Database connection established successfully
2026/07/28 15:41:08 ✅ Database schema already exists
2026/07/28 15:41:08 ✅ Loaded 1 plugin(s) into the server plugin registry
2026/07/28 15:41:08 🔄 Verifier poller started (interval: 1m0s)
2026/07/28 15:41:08 ✅ LLMsVerifier connected: http://localhost:8100
2026/07/28 15:41:08 🌐 Starting HTTP server on 127.0.0.1
2026/07/28 15:41:08 🚀 Starting HelixCode server on 127.0.0.1:53541
[GIN] 2026/07/28 - 15:41:09 | 200 | 634.329µs |       127.0.0.1 | GET      "/health"
2026/07/28 15:41:09 ✅ helixllm provider initialized with 1 models
2026/07/28 15:41:09 ✅ helixllm provider closed
[GIN] 2026/07/28 - 15:41:09 | 200 |  74.23ms |       127.0.0.1 | POST     "/v1/chat/completions"
2026/07/28 15:41:09 🛑 Shutting down server...
2026/07/28 15:41:09 🛑 Verifier poller stopped
2026/07/28 15:41:09 ✅ Server exited properly
2026/07/28 15:41:09 ✅ Database connection pool closed
