==================
WARNING: DATA RACE
Write at 0x00c000b06060 by goroutine 74:
  dev.helix.code/internal/deployment.TestHXC213_GoldenBad_UnsynchronizedWriteIsDetected.func1()
      /home/milos/Factory/projects/tools_and_research/helix_code/helix_code/internal/deployment/production_deployer_hxc213_race_test.go:274 +0x11c

Previous read at 0x00c000b06060 by goroutine 75:
  dev.helix.code/internal/deployment.TestHXC213_GoldenBad_UnsynchronizedWriteIsDetected.func2()
      /home/milos/Factory/projects/tools_and_research/helix_code/helix_code/internal/deployment/production_deployer_hxc213_race_test.go:281 +0xa4

Goroutine 74 (running) created at:
  dev.helix.code/internal/deployment.TestHXC213_GoldenBad_UnsynchronizedWriteIsDetected()
      /home/milos/Factory/projects/tools_and_research/helix_code/helix_code/internal/deployment/production_deployer_hxc213_race_test.go:270 +0x246
  testing.tRunner()
      /usr/lib/golang/src/testing/testing.go:2036 +0x21c
  testing.(*T).Run.gowrap1()
      /usr/lib/golang/src/testing/testing.go:2101 +0x38

Goroutine 75 (finished) created at:
  dev.helix.code/internal/deployment.TestHXC213_GoldenBad_UnsynchronizedWriteIsDetected()
      /home/milos/Factory/projects/tools_and_research/helix_code/helix_code/internal/deployment/production_deployer_hxc213_race_test.go:278 +0x2e8
  testing.tRunner()
      /usr/lib/golang/src/testing/testing.go:2036 +0x21c
  testing.(*T).Run.gowrap1()
      /usr/lib/golang/src/testing/testing.go:2101 +0x38
==================
==================
WARNING: DATA RACE
Write at 0x00c000b08040 by goroutine 74:
  dev.helix.code/internal/deployment.TestHXC213_GoldenBad_UnsynchronizedWriteIsDetected.func1()
      /home/milos/Factory/projects/tools_and_research/helix_code/helix_code/internal/deployment/production_deployer_hxc213_race_test.go:275 +0xe4

Previous read at 0x00c000b08040 by goroutine 75:
  dev.helix.code/internal/deployment.TestHXC213_GoldenBad_UnsynchronizedWriteIsDetected.func2()
      /home/milos/Factory/projects/tools_and_research/helix_code/helix_code/internal/deployment/production_deployer_hxc213_race_test.go:282 +0xcb

Goroutine 74 (running) created at:
  dev.helix.code/internal/deployment.TestHXC213_GoldenBad_UnsynchronizedWriteIsDetected()
      /home/milos/Factory/projects/tools_and_research/helix_code/helix_code/internal/deployment/production_deployer_hxc213_race_test.go:270 +0x246
  testing.tRunner()
      /usr/lib/golang/src/testing/testing.go:2036 +0x21c
  testing.(*T).Run.gowrap1()
      /usr/lib/golang/src/testing/testing.go:2101 +0x38

Goroutine 75 (finished) created at:
  dev.helix.code/internal/deployment.TestHXC213_GoldenBad_UnsynchronizedWriteIsDetected()
      /home/milos/Factory/projects/tools_and_research/helix_code/helix_code/internal/deployment/production_deployer_hxc213_race_test.go:278 +0x2e8
  testing.tRunner()
      /usr/lib/golang/src/testing/testing.go:2036 +0x21c
  testing.(*T).Run.gowrap1()
      /usr/lib/golang/src/testing/testing.go:2101 +0x38
==================
--- FAIL: TestHXC213_GoldenBad_UnsynchronizedWriteIsDetected (0.00s)
    production_deployer_hxc213_race_test.go:287: RED_MODE golden-bad fixture completed; the race detector MUST have reported a DATA RACE — if this run is green, the harness is blind and every other guard here is void
    testing.go:1712: race detected during execution of test
FAIL
FAIL	dev.helix.code/internal/deployment	0.399s
FAIL
