[genproof] PRE-ADMISSION live nvidia-smi read: total=32607MiB used=19464MiB free=12634MiB need=7168MiB headroom=2048MiB
[genproof] ADMIT-OK: lease id=image-1783775777861200504-1 class=image vram_bytes=7516192768 — coder stays live, generating now...
======================================================================
R41F FAST-LANE FLUX.1-schnell LIVE RE-VALIDATION
======================================================================
Prompt: A serene alpine lake at dawn reflecting snow-capped mountains, with a lone wooden rowboat and mist rising off the water, photorealistic, golden hour lighting
Output: /home/milos/Factory/projects/tools_and_research/helix_code/docs/qa/generative_liveproof_20260711T131205Z/r41f_flux_schnell_liveproof.png
======================================================================
[PRE-LOAD (coder resident)] GPU: NVIDIA GeForce RTX 5090 | VRAM free=11.85GiB used=19.50GiB total=31.34GiB
Loading pipeline components...:   0%|          | 0/7 [00:00<?, ?it/s]
Loading checkpoint shards:   0%|          | 0/3 [00:00<?, ?it/s][ALoading checkpoint shards: 100%|██████████| 3/3 [00:00<00:00, 102.91it/s]

Loading weights:   0%|          | 0/196 [00:00<?, ?it/s][ALoading weights: 100%|██████████| 196/196 [00:00<00:00, 14783.81it/s]
Loading pipeline components...:  29%|██▊       | 2/7 [00:00<00:00, 19.31it/s]
Loading weights:   0%|          | 0/219 [00:00<?, ?it/s][ALoading weights: 100%|██████████| 219/219 [00:00<00:00, 13712.61it/s]
Loading pipeline components...:  86%|████████▌ | 6/7 [00:00<00:00, 25.36it/s]Loading pipeline components...: 100%|██████████| 7/7 [00:00<00:00, 25.80it/s]
Pipeline loaded from cache in 1.5s
[POST-LOAD (before inference)] GPU: NVIDIA GeForce RTX 5090 | VRAM free=11.85GiB used=19.50GiB total=31.34GiB
  0%|          | 0/4 [00:00<?, ?it/s] 25%|██▌       | 1/4 [00:06<00:18,  6.27s/it] 50%|█████     | 2/4 [00:10<00:09,  4.88s/it] 75%|███████▌  | 3/4 [00:12<00:03,  3.92s/it]100%|██████████| 4/4 [00:14<00:00,  3.00s/it]100%|██████████| 4/4 [00:14<00:00,  3.64s/it]
Image generated in 16.5s
[POST-INFERENCE (before free)] GPU: NVIDIA GeForce RTX 5090 | VRAM free=11.16GiB used=20.18GiB total=31.34GiB
Saved: /home/milos/Factory/projects/tools_and_research/helix_code/docs/qa/generative_liveproof_20260711T131205Z/r41f_flux_schnell_liveproof.png (1,246,710 bytes) (1024, 1024) RGB
[POST-CLEANUP (pipeline released)] GPU: NVIDIA GeForce RTX 5090 | VRAM free=11.69GiB used=19.65GiB total=31.34GiB
======================================================================
SUMMARY
  free_pre_load_gib      = 11.85
  free_post_load_gib     = 11.85
  free_post_inference_gib= 11.16
  peak_footprint_gib     = 0.69
  free_post_cleanup_gib  = 11.69
  gen_seconds            = 16.5
  total_seconds          = 19.4
======================================================================
OUTCOME: GENERATION COMPLETE
[genproof] subprocess exit 0 — real generation completed while lease held.
[genproof] POST-RELEASE live nvidia-smi read: total=32607MiB used=19464MiB free=12634MiB
