PASS  gov-md-with-both-siblings (allowed as expected)
PASS  gov-md-without-siblings (blocked as expected)
PASS  gov-md-missing-pdf-only (blocked as expected)
PASS  tracker-issues-no-siblings (blocked as expected)
PASS  tracker-fixed-with-siblings (allowed as expected)
PASS  status-doc-no-siblings (blocked as expected)
PASS  working-spec-superpowers-md-only (allowed as expected)
PASS  working-spec-research-md-only (allowed as expected)
PASS  working-spec-guides-md-only (allowed as expected)
PASS  export-optin-working-spec-missing-pdf (blocked as expected)
PASS  export-optin-working-spec-with-both (allowed as expected)
PASS  ordinary-source-file (allowed as expected)
PASS  non-governed-readme-md-only (allowed as expected)
PASS  staged-real-env (blocked as expected)
PASS  staged-env-example (allowed as expected)
PASS  staged-id-rsa (blocked as expected)
PASS  staged-pem (blocked as expected)
PASS  staged-build-artifact-so (blocked as expected)
PASS  staged-mutation-residue (blocked as expected)
PASS  staged-clean-no-residue (allowed as expected)
PASS  mutation-test-exempt-header-plus-idiom (allowed as expected)
PASS  mutation-test-exemption-grant-emits-audit-notice
PASS  non-test-bare-marker-no-header-still-blocks (blocked as expected)
PASS  fake-exempt-header-without-idiom-still-blocks (blocked as expected)
PASS  paired-mutation-114-84: broken idiom-check no longer blocks fake-exempt (mutation detected)
PASS  paired-mutation-114-84: restored hook blocks fake-exempt again (invariant intact)
PASS  semantic-tightening-unrelated-restore-call-still-blocks (blocked as expected)
PASS  paired-mutation-114-84-semantic: unscoped check wrongly exempts abuse fixture (mutation detected)
PASS  paired-mutation-114-84-semantic: restored hook blocks abuse fixture again (invariant intact)
PASS  bypass-without-footer (blocked as expected)
PASS  bypass-with-footer (allowed as expected)
PASS  marker-absent-without-footer (blocked as expected)
PASS  normal-commit-no-footer-needed (allowed as expected)
PASS  post-commit-advisory-never-blocks (commit landed, exit 0)
PASS  post-commit-logged-orphan-sibling
PASS  installer-dry-run-prints-plan-no-mutation
PASS  pre-push-baseline-push-allowed
PASS  pre-push-range-scan-blocks-real-secret-in-pushed-commit
PASS  pre-push-range-scan-ignores-untracked-secret-file
PASS  paired-mutation-prepush-range-scope: old whole-tree scan wrongly blocks a clean push (mutation detected)
PASS  paired-mutation-prepush-range-scope: restored hook ignores untracked secret again (invariant intact)
PASS  paired-mutation: broken sibling-assertion no longer blocks (mutation detected)
PASS  paired-mutation: restored hook blocks again (invariant intact)
----------------------------------------------------------------
RESULT: 43 PASS / 0 FAIL
