=== RUN   TestHXC221_EntropyFailureMustNotMintClockDerivedAPIKey
--- PASS: TestHXC221_EntropyFailureMustNotMintClockDerivedAPIKey (0.00s)
=== RUN   TestHXC221_ExtendedCaseSet
=== RUN   TestHXC221_ExtendedCaseSet/happy_path_yields_a_proper_16-byte_hex_key
=== RUN   TestHXC221_ExtendedCaseSet/keys_are_unique_across_many_generations
=== RUN   TestHXC221_ExtendedCaseSet/partial_entropy_read_fails_closed
=== RUN   TestHXC221_ExtendedCaseSet/empty_entropy_source_fails_closed
=== RUN   TestHXC221_ExtendedCaseSet/nil_entropy_defaults_to_crypto/rand,_never_to_a_weak_source
=== RUN   TestHXC221_ExtendedCaseSet/explicit_key_path_is_unaffected_by_entropy_state
=== RUN   TestHXC221_ExtendedCaseSet/InitializeDefaultSecurity_fails_closed_on_entropy_failure
=== RUN   TestHXC221_ExtendedCaseSet/concurrent_generation_stays_unique_and_error-free
--- PASS: TestHXC221_ExtendedCaseSet (0.00s)
    --- PASS: TestHXC221_ExtendedCaseSet/happy_path_yields_a_proper_16-byte_hex_key (0.00s)
    --- PASS: TestHXC221_ExtendedCaseSet/keys_are_unique_across_many_generations (0.00s)
    --- PASS: TestHXC221_ExtendedCaseSet/partial_entropy_read_fails_closed (0.00s)
    --- PASS: TestHXC221_ExtendedCaseSet/empty_entropy_source_fails_closed (0.00s)
    --- PASS: TestHXC221_ExtendedCaseSet/nil_entropy_defaults_to_crypto/rand,_never_to_a_weak_source (0.00s)
    --- PASS: TestHXC221_ExtendedCaseSet/explicit_key_path_is_unaffected_by_entropy_state (0.00s)
    --- PASS: TestHXC221_ExtendedCaseSet/InitializeDefaultSecurity_fails_closed_on_entropy_failure (0.00s)
    --- PASS: TestHXC221_ExtendedCaseSet/concurrent_generation_stays_unique_and_error-free (0.00s)
PASS
ok  	dev.helix.agent/internal/services	0.019s
