### RED baseline on PRE-FIX artifact (containers HEAD a432efa, source unmodified)
### cmd: RED_MODE=1 GOMAXPROCS=9 go test -count=1 -run 'TestHXC218' ./pkg/health/ -v

=== RUN   TestHXC218_CheckHTTP_IPv6HostWithoutURL
    hxc218_ipv6_addr_test.go:120: RED_MODE=1 expected the pre-fix artifact to FAIL the probe of a reachable IPv6 server, but it reported healthy (&{Target:hxc218-http Healthy:true Duration:459.626µs Error: Timestamp:2026-08-06 19:12:29.211034237 +0500 +05 m=+0.000558617 Details:map[status_code:200 url:http://::1:38015/api/health]}) — the defect is not present, so this is not a valid RED baseline
--- FAIL: TestHXC218_CheckHTTP_IPv6HostWithoutURL (0.00s)
=== RUN   TestHXC218_CheckTCP_IPv6HostWithoutURL
    hxc218_ipv6_addr_test.go:185: RED reproduced on the pre-fix artifact: a LISTENING IPv6 socket at "[::1]:41335" is reported unhealthy — tcp dial failed: dial tcp: address ::1:41335: too many colons in address
--- PASS: TestHXC218_CheckTCP_IPv6HostWithoutURL (0.00s)
=== RUN   TestHXC218_ResolvedAddress_NegativeCases
=== RUN   TestHXC218_ResolvedAddress_NegativeCases/ipv4_literal_unchanged
=== RUN   TestHXC218_ResolvedAddress_NegativeCases/hostname_unchanged
=== RUN   TestHXC218_ResolvedAddress_NegativeCases/localhost_unchanged
=== RUN   TestHXC218_ResolvedAddress_NegativeCases/empty_host_and_port_unchanged
=== RUN   TestHXC218_ResolvedAddress_NegativeCases/full_url_returned_verbatim
=== RUN   TestHXC218_ResolvedAddress_NegativeCases/ipv6_literal_bracketed
    hxc218_ipv6_addr_test.go:266: SKIP-OK: RED_MODE=1 — "ipv6_literal_bracketed" is a repaired case, asserted in the GREEN polarity
=== RUN   TestHXC218_ResolvedAddress_NegativeCases/already_bracketed_not_double_bracketed
    hxc218_ipv6_addr_test.go:266: SKIP-OK: RED_MODE=1 — "already_bracketed_not_double_bracketed" is a repaired case, asserted in the GREEN polarity
--- PASS: TestHXC218_ResolvedAddress_NegativeCases (0.00s)
    --- PASS: TestHXC218_ResolvedAddress_NegativeCases/ipv4_literal_unchanged (0.00s)
    --- PASS: TestHXC218_ResolvedAddress_NegativeCases/hostname_unchanged (0.00s)
    --- PASS: TestHXC218_ResolvedAddress_NegativeCases/localhost_unchanged (0.00s)
    --- PASS: TestHXC218_ResolvedAddress_NegativeCases/empty_host_and_port_unchanged (0.00s)
    --- PASS: TestHXC218_ResolvedAddress_NegativeCases/full_url_returned_verbatim (0.00s)
    --- SKIP: TestHXC218_ResolvedAddress_NegativeCases/ipv6_literal_bracketed (0.00s)
    --- SKIP: TestHXC218_ResolvedAddress_NegativeCases/already_bracketed_not_double_bracketed (0.00s)
=== RUN   TestHXC218_CheckHTTP_ExplicitURLIsUsedVerbatim
--- PASS: TestHXC218_CheckHTTP_ExplicitURLIsUsedVerbatim (0.00s)
FAIL
FAIL	digital.vasic.containers/pkg/health	0.005s
FAIL
RED_EXIT=1
