### Consuming project: BOTH -action=start and -action=status over IPv6 (POST-FIX)
### cmd: RED_MODE=0 GOMAXPROCS=9 go test -tags=nogui -count=1 ./cmd/security_scan/ -run 'HXC218|HXC202' -v

=== RUN   TestHXC202_SonarqubeHealthURL_IPv6IsBracketed
--- PASS: TestHXC202_SonarqubeHealthURL_IPv6IsBracketed (0.00s)
=== RUN   TestHXC202_SonarqubeStatusTarget_ProbesTheReportedURL
--- PASS: TestHXC202_SonarqubeStatusTarget_ProbesTheReportedURL (0.00s)
=== RUN   TestHXC202_SonarqubeHealthURL_NegativeCases
=== RUN   TestHXC202_SonarqubeHealthURL_NegativeCases/default_localhost_unchanged
=== RUN   TestHXC202_SonarqubeHealthURL_NegativeCases/ipv4_literal_unchanged
=== RUN   TestHXC202_SonarqubeHealthURL_NegativeCases/hostname_unchanged
=== RUN   TestHXC202_SonarqubeHealthURL_NegativeCases/already_bracketed_not_double_bracketed
--- PASS: TestHXC202_SonarqubeHealthURL_NegativeCases (0.00s)
    --- PASS: TestHXC202_SonarqubeHealthURL_NegativeCases/default_localhost_unchanged (0.00s)
    --- PASS: TestHXC202_SonarqubeHealthURL_NegativeCases/ipv4_literal_unchanged (0.00s)
    --- PASS: TestHXC202_SonarqubeHealthURL_NegativeCases/hostname_unchanged (0.00s)
    --- PASS: TestHXC202_SonarqubeHealthURL_NegativeCases/already_bracketed_not_double_bracketed (0.00s)
=== RUN   TestHXC218_StartPath_IPv6HealthCheckAll
--- PASS: TestHXC218_StartPath_IPv6HealthCheckAll (0.00s)
=== RUN   TestHXC218_StartPath_IPv4AndHostnameUnaffected
=== RUN   TestHXC218_StartPath_IPv4AndHostnameUnaffected/127.0.0.1
=== RUN   TestHXC218_StartPath_IPv4AndHostnameUnaffected/localhost
--- PASS: TestHXC218_StartPath_IPv4AndHostnameUnaffected (0.00s)
    --- PASS: TestHXC218_StartPath_IPv4AndHostnameUnaffected/127.0.0.1 (0.00s)
    --- PASS: TestHXC218_StartPath_IPv4AndHostnameUnaffected/localhost (0.00s)
=== RUN   TestHXC218_StatusPath_StillWorks
--- PASS: TestHXC218_StatusPath_StillWorks (0.00s)
PASS
ok  	dev.helix.code/cmd/security_scan	0.010s
CONSUMER_GREEN_EXIT=0
