=== RUN   TestResolutionOrder
=== RUN   TestResolutionOrder/all_unset_->_documented_placeholder
=== RUN   TestResolutionOrder/host_only
=== RUN   TestResolutionOrder/port_only
=== RUN   TestResolutionOrder/host_and_port
=== RUN   TestResolutionOrder/base_URL_wins_over_host+port
=== RUN   TestResolutionOrder/base_URL_trailing_slash_trimmed
=== RUN   TestResolutionOrder/base_URL_with_path_preserved
=== RUN   TestResolutionOrder/base_URL_non-http_scheme_preserved
=== RUN   TestResolutionOrder/whitespace-only_host_falls_back
=== RUN   TestResolutionOrder/whitespace-only_port_falls_back
=== RUN   TestResolutionOrder/non-numeric_port_falls_back
helixendpoint: WARNING: HELIX_AGENT_PORT="not-a-port" is not an integer in the range 1-65535, so the placeholder port 8100 is used instead. A valid HELIX_AGENT_HOST is still honoured — host and port fall back independently.
=== RUN   TestResolutionOrder/zero_port_falls_back
helixendpoint: WARNING: HELIX_AGENT_PORT="0" is not an integer in the range 1-65535, so the placeholder port 8100 is used instead. A valid HELIX_AGENT_HOST is still honoured — host and port fall back independently.
=== RUN   TestResolutionOrder/negative_port_falls_back
helixendpoint: WARNING: HELIX_AGENT_PORT="-1" is not an integer in the range 1-65535, so the placeholder port 8100 is used instead. A valid HELIX_AGENT_HOST is still honoured — host and port fall back independently.
=== RUN   TestResolutionOrder/above-range_port_falls_back
helixendpoint: WARNING: HELIX_AGENT_PORT="65536" is not an integer in the range 1-65535, so the placeholder port 8100 is used instead. A valid HELIX_AGENT_HOST is still honoured — host and port fall back independently.
=== RUN   TestResolutionOrder/max_valid_port_accepted
=== RUN   TestResolutionOrder/min_valid_port_accepted
=== RUN   TestResolutionOrder/IPv6_literal_from_env_is_bracketed
--- PASS: TestResolutionOrder (0.00s)
    --- PASS: TestResolutionOrder/all_unset_->_documented_placeholder (0.00s)
    --- PASS: TestResolutionOrder/host_only (0.00s)
    --- PASS: TestResolutionOrder/port_only (0.00s)
    --- PASS: TestResolutionOrder/host_and_port (0.00s)
    --- PASS: TestResolutionOrder/base_URL_wins_over_host+port (0.00s)
    --- PASS: TestResolutionOrder/base_URL_trailing_slash_trimmed (0.00s)
    --- PASS: TestResolutionOrder/base_URL_with_path_preserved (0.00s)
    --- PASS: TestResolutionOrder/base_URL_non-http_scheme_preserved (0.00s)
    --- PASS: TestResolutionOrder/whitespace-only_host_falls_back (0.00s)
    --- PASS: TestResolutionOrder/whitespace-only_port_falls_back (0.00s)
    --- PASS: TestResolutionOrder/non-numeric_port_falls_back (0.00s)
    --- PASS: TestResolutionOrder/zero_port_falls_back (0.00s)
    --- PASS: TestResolutionOrder/negative_port_falls_back (0.00s)
    --- PASS: TestResolutionOrder/above-range_port_falls_back (0.00s)
    --- PASS: TestResolutionOrder/max_valid_port_accepted (0.00s)
    --- PASS: TestResolutionOrder/min_valid_port_accepted (0.00s)
    --- PASS: TestResolutionOrder/IPv6_literal_from_env_is_bracketed (0.00s)
=== RUN   TestBaseURLExplicitArgs
=== RUN   TestBaseURLExplicitArgs/plain_host
=== RUN   TestBaseURLExplicitArgs/IPv4_literal
=== RUN   TestBaseURLExplicitArgs/IPv6_literal_bracketed
=== RUN   TestBaseURLExplicitArgs/IPv6_full_literal_bracketed
=== RUN   TestBaseURLExplicitArgs/already-bracketed_IPv6_not_double-bracketed
=== RUN   TestBaseURLExplicitArgs/blank_host_falls_back
=== RUN   TestBaseURLExplicitArgs/whitespace_host_falls_back
=== RUN   TestBaseURLExplicitArgs/invalid_low_port_falls_back
=== RUN   TestBaseURLExplicitArgs/invalid_high_port_falls_back
--- PASS: TestBaseURLExplicitArgs (0.00s)
    --- PASS: TestBaseURLExplicitArgs/plain_host (0.00s)
    --- PASS: TestBaseURLExplicitArgs/IPv4_literal (0.00s)
    --- PASS: TestBaseURLExplicitArgs/IPv6_literal_bracketed (0.00s)
    --- PASS: TestBaseURLExplicitArgs/IPv6_full_literal_bracketed (0.00s)
    --- PASS: TestBaseURLExplicitArgs/already-bracketed_IPv6_not_double-bracketed (0.00s)
    --- PASS: TestBaseURLExplicitArgs/blank_host_falls_back (0.00s)
    --- PASS: TestBaseURLExplicitArgs/whitespace_host_falls_back (0.00s)
    --- PASS: TestBaseURLExplicitArgs/invalid_low_port_falls_back (0.00s)
    --- PASS: TestBaseURLExplicitArgs/invalid_high_port_falls_back (0.00s)
=== RUN   TestBaseURLIPv6IsParseable
--- PASS: TestBaseURLIPv6IsParseable (0.00s)
=== RUN   TestJoinPath
--- PASS: TestJoinPath (0.00s)
=== RUN   TestHostPortHelpers
=== RUN   TestHostPortHelpers/defaults_when_unset
=== RUN   TestHostPortHelpers/injected_values
--- PASS: TestHostPortHelpers (0.00s)
    --- PASS: TestHostPortHelpers/defaults_when_unset (0.00s)
    --- PASS: TestHostPortHelpers/injected_values (0.00s)
=== RUN   TestHostRejectsHostPortMistake
helixendpoint: WARNING: HELIX_AGENT_HOST="agent.internal:7061" is not a usable URL host, so the placeholder host "localhost" is used instead. A colon is accepted only inside a genuine IPv6 literal, so a "host:port" value is rejected rather than re-interpreted; use HELIX_AGENT_BASE_URL to inject host and port as one string.
helixendpoint: WARNING: HELIX_AGENT_HOST="example.com:80" is not a usable URL host, so the placeholder host "localhost" is used instead. A colon is accepted only inside a genuine IPv6 literal, so a "host:port" value is rejected rather than re-interpreted; use HELIX_AGENT_BASE_URL to inject host and port as one string.
helixendpoint: WARNING: HELIX_AGENT_HOST=<value withheld: may carry credentials> is not a usable URL host, so the placeholder host "localhost" is used instead. A colon is accepted only inside a genuine IPv6 literal, so a "host:port" value is rejected rather than re-interpreted; use HELIX_AGENT_BASE_URL to inject host and port as one string.
--- PASS: TestHostRejectsHostPortMistake (0.00s)
=== RUN   TestBaseURLIPv6ZoneIDEncoded
--- PASS: TestBaseURLIPv6ZoneIDEncoded (0.00s)
=== RUN   TestBaseURLRejectsNonIPv6Colon
--- PASS: TestBaseURLRejectsNonIPv6Colon (0.00s)
=== RUN   TestDefaultBaseURLSeparatorOnlyFallsBack
--- PASS: TestDefaultBaseURLSeparatorOnlyFallsBack (0.00s)
=== RUN   TestZoneIDWithoutIPv6Rejected
--- PASS: TestZoneIDWithoutIPv6Rejected (0.00s)
=== RUN   TestHostFallbackWarnings
=== RUN   TestHostFallbackWarnings/resolving_host,_no_base_URL
=== RUN   TestHostFallbackWarnings/resolving_host_WITH_base_URL_is_the_documented_pairing
=== RUN   TestHostFallbackWarnings/resolving_IPv6_host
=== RUN   TestHostFallbackWarnings/unset_host,_no_base_URL_is_zero-config
=== RUN   TestHostFallbackWarnings/blank_host,_no_base_URL_is_zero-config
=== RUN   TestHostFallbackWarnings/host:port_mistake
=== RUN   TestHostFallbackWarnings/zone_id_without_IPv6
=== RUN   TestHostFallbackWarnings/unset_host_WITH_base_URL_is_the_49-of-50_case
=== RUN   TestHostFallbackWarnings/blank_host_WITH_base_URL
=== RUN   TestHostFallbackWarnings/malformed_host_WITH_base_URL_reports_both_independent_facts
--- PASS: TestHostFallbackWarnings (0.00s)
    --- PASS: TestHostFallbackWarnings/resolving_host,_no_base_URL (0.00s)
    --- PASS: TestHostFallbackWarnings/resolving_host_WITH_base_URL_is_the_documented_pairing (0.00s)
    --- PASS: TestHostFallbackWarnings/resolving_IPv6_host (0.00s)
    --- PASS: TestHostFallbackWarnings/unset_host,_no_base_URL_is_zero-config (0.00s)
    --- PASS: TestHostFallbackWarnings/blank_host,_no_base_URL_is_zero-config (0.00s)
    --- PASS: TestHostFallbackWarnings/host:port_mistake (0.00s)
    --- PASS: TestHostFallbackWarnings/zone_id_without_IPv6 (0.00s)
    --- PASS: TestHostFallbackWarnings/unset_host_WITH_base_URL_is_the_49-of-50_case (0.00s)
    --- PASS: TestHostFallbackWarnings/blank_host_WITH_base_URL (0.00s)
    --- PASS: TestHostFallbackWarnings/malformed_host_WITH_base_URL_reports_both_independent_facts (0.00s)
=== RUN   TestHostFallbackWarningOmitsBaseURLValue
--- PASS: TestHostFallbackWarningOmitsBaseURLValue (0.00s)
=== RUN   TestFallbackWarningsRedactCredentialBearingValues
=== RUN   TestFallbackWarningsRedactCredentialBearingValues/host/scheme-ful_URL_with_userinfo
=== RUN   TestFallbackWarningsRedactCredentialBearingValues/port/scheme-ful_URL_with_userinfo
=== RUN   TestFallbackWarningsRedactCredentialBearingValues/host/bare_userinfo@host
=== RUN   TestFallbackWarningsRedactCredentialBearingValues/port/bare_userinfo@host
=== RUN   TestFallbackWarningsRedactCredentialBearingValues/host/scheme-relative_URL_with_userinfo
=== RUN   TestFallbackWarningsRedactCredentialBearingValues/port/scheme-relative_URL_with_userinfo
=== RUN   TestFallbackWarningsRedactCredentialBearingValues/host/bare_user:pass_pair,_no_@_at_all
=== RUN   TestFallbackWarningsRedactCredentialBearingValues/port/bare_user:pass_pair,_no_@_at_all
=== RUN   TestFallbackWarningsRedactCredentialBearingValues/host/query-string_token
=== RUN   TestFallbackWarningsRedactCredentialBearingValues/port/query-string_token
=== RUN   TestFallbackWarningsRedactCredentialBearingValues/host/fragment_token
=== RUN   TestFallbackWarningsRedactCredentialBearingValues/port/fragment_token
=== RUN   TestFallbackWarningsRedactCredentialBearingValues/host/percent-encoded_userinfo
=== RUN   TestFallbackWarningsRedactCredentialBearingValues/port/percent-encoded_userinfo
=== RUN   TestFallbackWarningsRedactCredentialBearingValues/host/percent-encoded_userinfo,_uppercase_escape_only
=== RUN   TestFallbackWarningsRedactCredentialBearingValues/port/percent-encoded_userinfo,_uppercase_escape_only
=== RUN   TestFallbackWarningsRedactCredentialBearingValues/host/double-percent-encoded_userinfo
=== RUN   TestFallbackWarningsRedactCredentialBearingValues/port/double-percent-encoded_userinfo
=== RUN   TestFallbackWarningsRedactCredentialBearingValues/host/percent-encoded,_escape_terminal
=== RUN   TestFallbackWarningsRedactCredentialBearingValues/port/percent-encoded,_escape_terminal
=== RUN   TestFallbackWarningsRedactCredentialBearingValues/host/escape_at_index_0,_encoded_leading_delimiter
=== RUN   TestFallbackWarningsRedactCredentialBearingValues/port/escape_at_index_0,_encoded_leading_delimiter
=== RUN   TestFallbackWarningsRedactCredentialBearingValues/host/user:pass:port_paste,_secret_mid-string
=== RUN   TestFallbackWarningsRedactCredentialBearingValues/port/user:pass:port_paste,_secret_mid-string
=== RUN   TestFallbackWarningsRedactCredentialBearingValues/host/three-colon_paste,_password_contains_a_colon
=== RUN   TestFallbackWarningsRedactCredentialBearingValues/port/three-colon_paste,_password_contains_a_colon
=== RUN   TestFallbackWarningsRedactCredentialBearingValues/host/bracket_mid-string,_not_an_IPv6_literal
=== RUN   TestFallbackWarningsRedactCredentialBearingValues/port/bracket_mid-string,_not_an_IPv6_literal
=== RUN   TestFallbackWarningsRedactCredentialBearingValues/host/token-as-username_authority,_only_marker_is_@
=== RUN   TestFallbackWarningsRedactCredentialBearingValues/port/token-as-username_authority,_only_marker_is_@
=== RUN   TestFallbackWarningsRedactCredentialBearingValues/host/bare-path_paste,_only_marker_is_/
=== RUN   TestFallbackWarningsRedactCredentialBearingValues/port/bare-path_paste,_only_marker_is_/
=== RUN   TestFallbackWarningsRedactCredentialBearingValues/host/schemeless_fragment_token,_only_marker_is_#
=== RUN   TestFallbackWarningsRedactCredentialBearingValues/port/schemeless_fragment_token,_only_marker_is_#
=== RUN   TestFallbackWarningsRedactCredentialBearingValues/host/query-string_token,_no_scheme
=== RUN   TestFallbackWarningsRedactCredentialBearingValues/port/query-string_token,_no_scheme
=== RUN   TestFallbackWarningsRedactCredentialBearingValues/host/encoded_'?',_hex_letter_upper_bound
=== RUN   TestFallbackWarningsRedactCredentialBearingValues/port/encoded_'?',_hex_letter_upper_bound
=== RUN   TestFallbackWarningsRedactCredentialBearingValues/host/over-encoded_digit,_hex_digit_upper_bound
=== RUN   TestFallbackWarningsRedactCredentialBearingValues/port/over-encoded_digit,_hex_digit_upper_bound
=== RUN   TestFallbackWarningsRedactCredentialBearingValues/host/encoded-@_authority,_hex_digit_lower_bound
=== RUN   TestFallbackWarningsRedactCredentialBearingValues/port/encoded-@_authority,_hex_digit_lower_bound
=== RUN   TestFallbackWarningsRedactCredentialBearingValues/host/curl_-u_<token>:_—_empty-password_basic_auth
=== RUN   TestFallbackWarningsRedactCredentialBearingValues/port/curl_-u_<token>:_—_empty-password_basic_auth
=== RUN   TestFallbackWarningsRedactCredentialBearingValues/host/curl_-u_:<token>_—_empty-username_basic_auth
=== RUN   TestFallbackWarningsRedactCredentialBearingValues/port/curl_-u_:<token>_—_empty-username_basic_auth
=== RUN   TestFallbackWarningsRedactCredentialBearingValues/host/mistyped_port,_stray_char_leading
=== RUN   TestFallbackWarningsRedactCredentialBearingValues/port/mistyped_port,_stray_char_leading
=== RUN   TestFallbackWarningsRedactCredentialBearingValues/host/mistyped_port,_stray_char_trailing
=== RUN   TestFallbackWarningsRedactCredentialBearingValues/port/mistyped_port,_stray_char_trailing
=== RUN   TestFallbackWarningsRedactCredentialBearingValues/host/mistyped_port,_stray_char_at_an_odd_index
=== RUN   TestFallbackWarningsRedactCredentialBearingValues/port/mistyped_port,_stray_char_at_an_odd_index
--- PASS: TestFallbackWarningsRedactCredentialBearingValues (0.00s)
    --- PASS: TestFallbackWarningsRedactCredentialBearingValues/host/scheme-ful_URL_with_userinfo (0.00s)
    --- PASS: TestFallbackWarningsRedactCredentialBearingValues/port/scheme-ful_URL_with_userinfo (0.00s)
    --- PASS: TestFallbackWarningsRedactCredentialBearingValues/host/bare_userinfo@host (0.00s)
    --- PASS: TestFallbackWarningsRedactCredentialBearingValues/port/bare_userinfo@host (0.00s)
    --- PASS: TestFallbackWarningsRedactCredentialBearingValues/host/scheme-relative_URL_with_userinfo (0.00s)
    --- PASS: TestFallbackWarningsRedactCredentialBearingValues/port/scheme-relative_URL_with_userinfo (0.00s)
    --- PASS: TestFallbackWarningsRedactCredentialBearingValues/host/bare_user:pass_pair,_no_@_at_all (0.00s)
    --- PASS: TestFallbackWarningsRedactCredentialBearingValues/port/bare_user:pass_pair,_no_@_at_all (0.00s)
    --- PASS: TestFallbackWarningsRedactCredentialBearingValues/host/query-string_token (0.00s)
    --- PASS: TestFallbackWarningsRedactCredentialBearingValues/port/query-string_token (0.00s)
    --- PASS: TestFallbackWarningsRedactCredentialBearingValues/host/fragment_token (0.00s)
    --- PASS: TestFallbackWarningsRedactCredentialBearingValues/port/fragment_token (0.00s)
    --- PASS: TestFallbackWarningsRedactCredentialBearingValues/host/percent-encoded_userinfo (0.00s)
    --- PASS: TestFallbackWarningsRedactCredentialBearingValues/port/percent-encoded_userinfo (0.00s)
    --- PASS: TestFallbackWarningsRedactCredentialBearingValues/host/percent-encoded_userinfo,_uppercase_escape_only (0.00s)
    --- PASS: TestFallbackWarningsRedactCredentialBearingValues/port/percent-encoded_userinfo,_uppercase_escape_only (0.00s)
    --- PASS: TestFallbackWarningsRedactCredentialBearingValues/host/double-percent-encoded_userinfo (0.00s)
    --- PASS: TestFallbackWarningsRedactCredentialBearingValues/port/double-percent-encoded_userinfo (0.00s)
    --- PASS: TestFallbackWarningsRedactCredentialBearingValues/host/percent-encoded,_escape_terminal (0.00s)
    --- PASS: TestFallbackWarningsRedactCredentialBearingValues/port/percent-encoded,_escape_terminal (0.00s)
    --- PASS: TestFallbackWarningsRedactCredentialBearingValues/host/escape_at_index_0,_encoded_leading_delimiter (0.00s)
    --- PASS: TestFallbackWarningsRedactCredentialBearingValues/port/escape_at_index_0,_encoded_leading_delimiter (0.00s)
    --- PASS: TestFallbackWarningsRedactCredentialBearingValues/host/user:pass:port_paste,_secret_mid-string (0.00s)
    --- PASS: TestFallbackWarningsRedactCredentialBearingValues/port/user:pass:port_paste,_secret_mid-string (0.00s)
    --- PASS: TestFallbackWarningsRedactCredentialBearingValues/host/three-colon_paste,_password_contains_a_colon (0.00s)
    --- PASS: TestFallbackWarningsRedactCredentialBearingValues/port/three-colon_paste,_password_contains_a_colon (0.00s)
    --- PASS: TestFallbackWarningsRedactCredentialBearingValues/host/bracket_mid-string,_not_an_IPv6_literal (0.00s)
    --- PASS: TestFallbackWarningsRedactCredentialBearingValues/port/bracket_mid-string,_not_an_IPv6_literal (0.00s)
    --- PASS: TestFallbackWarningsRedactCredentialBearingValues/host/token-as-username_authority,_only_marker_is_@ (0.00s)
    --- PASS: TestFallbackWarningsRedactCredentialBearingValues/port/token-as-username_authority,_only_marker_is_@ (0.00s)
    --- PASS: TestFallbackWarningsRedactCredentialBearingValues/host/bare-path_paste,_only_marker_is_/ (0.00s)
    --- PASS: TestFallbackWarningsRedactCredentialBearingValues/port/bare-path_paste,_only_marker_is_/ (0.00s)
    --- PASS: TestFallbackWarningsRedactCredentialBearingValues/host/schemeless_fragment_token,_only_marker_is_# (0.00s)
    --- PASS: TestFallbackWarningsRedactCredentialBearingValues/port/schemeless_fragment_token,_only_marker_is_# (0.00s)
    --- PASS: TestFallbackWarningsRedactCredentialBearingValues/host/query-string_token,_no_scheme (0.00s)
    --- PASS: TestFallbackWarningsRedactCredentialBearingValues/port/query-string_token,_no_scheme (0.00s)
    --- PASS: TestFallbackWarningsRedactCredentialBearingValues/host/encoded_'?',_hex_letter_upper_bound (0.00s)
    --- PASS: TestFallbackWarningsRedactCredentialBearingValues/port/encoded_'?',_hex_letter_upper_bound (0.00s)
    --- PASS: TestFallbackWarningsRedactCredentialBearingValues/host/over-encoded_digit,_hex_digit_upper_bound (0.00s)
    --- PASS: TestFallbackWarningsRedactCredentialBearingValues/port/over-encoded_digit,_hex_digit_upper_bound (0.00s)
    --- PASS: TestFallbackWarningsRedactCredentialBearingValues/host/encoded-@_authority,_hex_digit_lower_bound (0.00s)
    --- PASS: TestFallbackWarningsRedactCredentialBearingValues/port/encoded-@_authority,_hex_digit_lower_bound (0.00s)
    --- PASS: TestFallbackWarningsRedactCredentialBearingValues/host/curl_-u_<token>:_—_empty-password_basic_auth (0.00s)
    --- PASS: TestFallbackWarningsRedactCredentialBearingValues/port/curl_-u_<token>:_—_empty-password_basic_auth (0.00s)
    --- PASS: TestFallbackWarningsRedactCredentialBearingValues/host/curl_-u_:<token>_—_empty-username_basic_auth (0.00s)
    --- PASS: TestFallbackWarningsRedactCredentialBearingValues/port/curl_-u_:<token>_—_empty-username_basic_auth (0.00s)
    --- PASS: TestFallbackWarningsRedactCredentialBearingValues/host/mistyped_port,_stray_char_leading (0.00s)
    --- PASS: TestFallbackWarningsRedactCredentialBearingValues/port/mistyped_port,_stray_char_leading (0.00s)
    --- PASS: TestFallbackWarningsRedactCredentialBearingValues/host/mistyped_port,_stray_char_trailing (0.00s)
    --- PASS: TestFallbackWarningsRedactCredentialBearingValues/port/mistyped_port,_stray_char_trailing (0.00s)
    --- PASS: TestFallbackWarningsRedactCredentialBearingValues/host/mistyped_port,_stray_char_at_an_odd_index (0.00s)
    --- PASS: TestFallbackWarningsRedactCredentialBearingValues/port/mistyped_port,_stray_char_at_an_odd_index (0.00s)
=== RUN   TestFallbackWarningsStillQuoteOrdinaryValues
=== RUN   TestFallbackWarningsStillQuoteOrdinaryValues/host/agent.internal:7061
=== RUN   TestFallbackWarningsStillQuoteOrdinaryValues/host/host%eth0
=== RUN   TestFallbackWarningsStillQuoteOrdinaryValues/host/[::1]:7061
=== RUN   TestFallbackWarningsStillQuoteOrdinaryValues/host/example.com:80
=== RUN   TestFallbackWarningsStillQuoteOrdinaryValues/host/host%if1
=== RUN   TestFallbackWarningsStillQuoteOrdinaryValues/host/agent.internal:9090
=== RUN   TestFallbackWarningsStillQuoteOrdinaryValues/port/not-a-port
=== RUN   TestFallbackWarningsStillQuoteOrdinaryValues/port/0
=== RUN   TestFallbackWarningsStillQuoteOrdinaryValues/port/-1
=== RUN   TestFallbackWarningsStillQuoteOrdinaryValues/port/65536
=== RUN   TestFallbackWarningsStillQuoteOrdinaryValues/port/70000
=== RUN   TestFallbackWarningsStillQuoteOrdinaryValues/port/80.5
=== RUN   TestFallbackWarningsStillQuoteOrdinaryValues/port/7061x
=== RUN   TestFallbackWarningsStillQuoteOrdinaryValues/port/abc
--- PASS: TestFallbackWarningsStillQuoteOrdinaryValues (0.00s)
    --- PASS: TestFallbackWarningsStillQuoteOrdinaryValues/host/agent.internal:7061 (0.00s)
    --- PASS: TestFallbackWarningsStillQuoteOrdinaryValues/host/host%eth0 (0.00s)
    --- PASS: TestFallbackWarningsStillQuoteOrdinaryValues/host/[::1]:7061 (0.00s)
    --- PASS: TestFallbackWarningsStillQuoteOrdinaryValues/host/example.com:80 (0.00s)
    --- PASS: TestFallbackWarningsStillQuoteOrdinaryValues/host/host%if1 (0.00s)
    --- PASS: TestFallbackWarningsStillQuoteOrdinaryValues/host/agent.internal:9090 (0.00s)
    --- PASS: TestFallbackWarningsStillQuoteOrdinaryValues/port/not-a-port (0.00s)
    --- PASS: TestFallbackWarningsStillQuoteOrdinaryValues/port/0 (0.00s)
    --- PASS: TestFallbackWarningsStillQuoteOrdinaryValues/port/-1 (0.00s)
    --- PASS: TestFallbackWarningsStillQuoteOrdinaryValues/port/65536 (0.00s)
    --- PASS: TestFallbackWarningsStillQuoteOrdinaryValues/port/70000 (0.00s)
    --- PASS: TestFallbackWarningsStillQuoteOrdinaryValues/port/80.5 (0.00s)
    --- PASS: TestFallbackWarningsStillQuoteOrdinaryValues/port/7061x (0.00s)
    --- PASS: TestFallbackWarningsStillQuoteOrdinaryValues/port/abc (0.00s)
=== RUN   TestFallbackWarningsRedactOnStderr
=== RUN   TestFallbackWarningsRedactOnStderr/host
=== RUN   TestFallbackWarningsRedactOnStderr/port
--- PASS: TestFallbackWarningsRedactOnStderr (0.00s)
    --- PASS: TestFallbackWarningsRedactOnStderr/host (0.00s)
    --- PASS: TestFallbackWarningsRedactOnStderr/port (0.00s)
=== RUN   TestPortFallbackWarning
--- PASS: TestPortFallbackWarning (0.00s)
=== RUN   TestHostWarnsOnMalformedInjection
=== RUN   TestHostWarnsOnMalformedInjection/malformed_host_warns
=== RUN   TestHostWarnsOnMalformedInjection/valid_host_is_silent
=== RUN   TestHostWarnsOnMalformedInjection/unset_host_is_silent
--- PASS: TestHostWarnsOnMalformedInjection (0.00s)
    --- PASS: TestHostWarnsOnMalformedInjection/malformed_host_warns (0.00s)
    --- PASS: TestHostWarnsOnMalformedInjection/valid_host_is_silent (0.00s)
    --- PASS: TestHostWarnsOnMalformedInjection/unset_host_is_silent (0.00s)
=== RUN   TestPortWarnsOnInvalidInjection
=== RUN   TestPortWarnsOnInvalidInjection/invalid_port_warns
=== RUN   TestPortWarnsOnInvalidInjection/valid_port_is_silent
=== RUN   TestPortWarnsOnInvalidInjection/unset_port_is_silent
--- PASS: TestPortWarnsOnInvalidInjection (0.00s)
    --- PASS: TestPortWarnsOnInvalidInjection/invalid_port_warns (0.00s)
    --- PASS: TestPortWarnsOnInvalidInjection/valid_port_is_silent (0.00s)
    --- PASS: TestPortWarnsOnInvalidInjection/unset_port_is_silent (0.00s)
=== RUN   TestHostWarnsWhenBaseURLSetWithoutHost
=== RUN   TestHostWarnsWhenBaseURLSetWithoutHost/base_URL_without_host_warns
=== RUN   TestHostWarnsWhenBaseURLSetWithoutHost/base_URL_WITH_host_is_silent
=== RUN   TestHostWarnsWhenBaseURLSetWithoutHost/separator-only_base_URL_is_unset_for_the_diagnostic_too
--- PASS: TestHostWarnsWhenBaseURLSetWithoutHost (0.00s)
    --- PASS: TestHostWarnsWhenBaseURLSetWithoutHost/base_URL_without_host_warns (0.00s)
    --- PASS: TestHostWarnsWhenBaseURLSetWithoutHost/base_URL_WITH_host_is_silent (0.00s)
    --- PASS: TestHostWarnsWhenBaseURLSetWithoutHost/separator-only_base_URL_is_unset_for_the_diagnostic_too (0.00s)
=== RUN   TestHostEmitsEveryWarningWhenBothFire
--- PASS: TestHostEmitsEveryWarningWhenBothFire (0.00s)
=== RUN   TestWarningsAreOncePerProcess
--- PASS: TestWarningsAreOncePerProcess (0.00s)
=== RUN   TestDistinctWarningsAreNotSuppressedByEachOther
--- PASS: TestDistinctWarningsAreNotSuppressedByEachOther (0.00s)
=== RUN   TestZoneIDTwentyFiveNotDropped
--- PASS: TestZoneIDTwentyFiveNotDropped (0.00s)
=== RUN   TestResolutionOrder
=== RUN   TestResolutionOrder/all_unset_->_documented_placeholder
=== RUN   TestResolutionOrder/host_only
=== RUN   TestResolutionOrder/port_only
=== RUN   TestResolutionOrder/host_and_port
=== RUN   TestResolutionOrder/base_URL_wins_over_host+port
=== RUN   TestResolutionOrder/base_URL_trailing_slash_trimmed
=== RUN   TestResolutionOrder/base_URL_with_path_preserved
=== RUN   TestResolutionOrder/base_URL_non-http_scheme_preserved
=== RUN   TestResolutionOrder/whitespace-only_host_falls_back
=== RUN   TestResolutionOrder/whitespace-only_port_falls_back
=== RUN   TestResolutionOrder/non-numeric_port_falls_back
helixendpoint: WARNING: HELIX_AGENT_PORT="not-a-port" is not an integer in the range 1-65535, so the placeholder port 8100 is used instead. A valid HELIX_AGENT_HOST is still honoured — host and port fall back independently.
=== RUN   TestResolutionOrder/zero_port_falls_back
helixendpoint: WARNING: HELIX_AGENT_PORT="0" is not an integer in the range 1-65535, so the placeholder port 8100 is used instead. A valid HELIX_AGENT_HOST is still honoured — host and port fall back independently.
=== RUN   TestResolutionOrder/negative_port_falls_back
helixendpoint: WARNING: HELIX_AGENT_PORT="-1" is not an integer in the range 1-65535, so the placeholder port 8100 is used instead. A valid HELIX_AGENT_HOST is still honoured — host and port fall back independently.
=== RUN   TestResolutionOrder/above-range_port_falls_back
helixendpoint: WARNING: HELIX_AGENT_PORT="65536" is not an integer in the range 1-65535, so the placeholder port 8100 is used instead. A valid HELIX_AGENT_HOST is still honoured — host and port fall back independently.
=== RUN   TestResolutionOrder/max_valid_port_accepted
=== RUN   TestResolutionOrder/min_valid_port_accepted
=== RUN   TestResolutionOrder/IPv6_literal_from_env_is_bracketed
--- PASS: TestResolutionOrder (0.00s)
    --- PASS: TestResolutionOrder/all_unset_->_documented_placeholder (0.00s)
    --- PASS: TestResolutionOrder/host_only (0.00s)
    --- PASS: TestResolutionOrder/port_only (0.00s)
    --- PASS: TestResolutionOrder/host_and_port (0.00s)
    --- PASS: TestResolutionOrder/base_URL_wins_over_host+port (0.00s)
    --- PASS: TestResolutionOrder/base_URL_trailing_slash_trimmed (0.00s)
    --- PASS: TestResolutionOrder/base_URL_with_path_preserved (0.00s)
    --- PASS: TestResolutionOrder/base_URL_non-http_scheme_preserved (0.00s)
    --- PASS: TestResolutionOrder/whitespace-only_host_falls_back (0.00s)
    --- PASS: TestResolutionOrder/whitespace-only_port_falls_back (0.00s)
    --- PASS: TestResolutionOrder/non-numeric_port_falls_back (0.00s)
    --- PASS: TestResolutionOrder/zero_port_falls_back (0.00s)
    --- PASS: TestResolutionOrder/negative_port_falls_back (0.00s)
    --- PASS: TestResolutionOrder/above-range_port_falls_back (0.00s)
    --- PASS: TestResolutionOrder/max_valid_port_accepted (0.00s)
    --- PASS: TestResolutionOrder/min_valid_port_accepted (0.00s)
    --- PASS: TestResolutionOrder/IPv6_literal_from_env_is_bracketed (0.00s)
=== RUN   TestBaseURLExplicitArgs
=== RUN   TestBaseURLExplicitArgs/plain_host
=== RUN   TestBaseURLExplicitArgs/IPv4_literal
=== RUN   TestBaseURLExplicitArgs/IPv6_literal_bracketed
=== RUN   TestBaseURLExplicitArgs/IPv6_full_literal_bracketed
=== RUN   TestBaseURLExplicitArgs/already-bracketed_IPv6_not_double-bracketed
=== RUN   TestBaseURLExplicitArgs/blank_host_falls_back
=== RUN   TestBaseURLExplicitArgs/whitespace_host_falls_back
=== RUN   TestBaseURLExplicitArgs/invalid_low_port_falls_back
=== RUN   TestBaseURLExplicitArgs/invalid_high_port_falls_back
--- PASS: TestBaseURLExplicitArgs (0.00s)
    --- PASS: TestBaseURLExplicitArgs/plain_host (0.00s)
    --- PASS: TestBaseURLExplicitArgs/IPv4_literal (0.00s)
    --- PASS: TestBaseURLExplicitArgs/IPv6_literal_bracketed (0.00s)
    --- PASS: TestBaseURLExplicitArgs/IPv6_full_literal_bracketed (0.00s)
    --- PASS: TestBaseURLExplicitArgs/already-bracketed_IPv6_not_double-bracketed (0.00s)
    --- PASS: TestBaseURLExplicitArgs/blank_host_falls_back (0.00s)
    --- PASS: TestBaseURLExplicitArgs/whitespace_host_falls_back (0.00s)
    --- PASS: TestBaseURLExplicitArgs/invalid_low_port_falls_back (0.00s)
    --- PASS: TestBaseURLExplicitArgs/invalid_high_port_falls_back (0.00s)
=== RUN   TestBaseURLIPv6IsParseable
--- PASS: TestBaseURLIPv6IsParseable (0.00s)
=== RUN   TestJoinPath
--- PASS: TestJoinPath (0.00s)
=== RUN   TestHostPortHelpers
=== RUN   TestHostPortHelpers/defaults_when_unset
=== RUN   TestHostPortHelpers/injected_values
--- PASS: TestHostPortHelpers (0.00s)
    --- PASS: TestHostPortHelpers/defaults_when_unset (0.00s)
    --- PASS: TestHostPortHelpers/injected_values (0.00s)
=== RUN   TestHostRejectsHostPortMistake
helixendpoint: WARNING: HELIX_AGENT_HOST="agent.internal:7061" is not a usable URL host, so the placeholder host "localhost" is used instead. A colon is accepted only inside a genuine IPv6 literal, so a "host:port" value is rejected rather than re-interpreted; use HELIX_AGENT_BASE_URL to inject host and port as one string.
helixendpoint: WARNING: HELIX_AGENT_HOST="example.com:80" is not a usable URL host, so the placeholder host "localhost" is used instead. A colon is accepted only inside a genuine IPv6 literal, so a "host:port" value is rejected rather than re-interpreted; use HELIX_AGENT_BASE_URL to inject host and port as one string.
helixendpoint: WARNING: HELIX_AGENT_HOST=<value withheld: may carry credentials> is not a usable URL host, so the placeholder host "localhost" is used instead. A colon is accepted only inside a genuine IPv6 literal, so a "host:port" value is rejected rather than re-interpreted; use HELIX_AGENT_BASE_URL to inject host and port as one string.
--- PASS: TestHostRejectsHostPortMistake (0.00s)
=== RUN   TestBaseURLIPv6ZoneIDEncoded
--- PASS: TestBaseURLIPv6ZoneIDEncoded (0.00s)
=== RUN   TestBaseURLRejectsNonIPv6Colon
--- PASS: TestBaseURLRejectsNonIPv6Colon (0.00s)
=== RUN   TestDefaultBaseURLSeparatorOnlyFallsBack
--- PASS: TestDefaultBaseURLSeparatorOnlyFallsBack (0.00s)
=== RUN   TestZoneIDWithoutIPv6Rejected
--- PASS: TestZoneIDWithoutIPv6Rejected (0.00s)
=== RUN   TestHostFallbackWarnings
=== RUN   TestHostFallbackWarnings/resolving_host,_no_base_URL
=== RUN   TestHostFallbackWarnings/resolving_host_WITH_base_URL_is_the_documented_pairing
=== RUN   TestHostFallbackWarnings/resolving_IPv6_host
=== RUN   TestHostFallbackWarnings/unset_host,_no_base_URL_is_zero-config
=== RUN   TestHostFallbackWarnings/blank_host,_no_base_URL_is_zero-config
=== RUN   TestHostFallbackWarnings/host:port_mistake
=== RUN   TestHostFallbackWarnings/zone_id_without_IPv6
=== RUN   TestHostFallbackWarnings/unset_host_WITH_base_URL_is_the_49-of-50_case
=== RUN   TestHostFallbackWarnings/blank_host_WITH_base_URL
=== RUN   TestHostFallbackWarnings/malformed_host_WITH_base_URL_reports_both_independent_facts
--- PASS: TestHostFallbackWarnings (0.00s)
    --- PASS: TestHostFallbackWarnings/resolving_host,_no_base_URL (0.00s)
    --- PASS: TestHostFallbackWarnings/resolving_host_WITH_base_URL_is_the_documented_pairing (0.00s)
    --- PASS: TestHostFallbackWarnings/resolving_IPv6_host (0.00s)
    --- PASS: TestHostFallbackWarnings/unset_host,_no_base_URL_is_zero-config (0.00s)
    --- PASS: TestHostFallbackWarnings/blank_host,_no_base_URL_is_zero-config (0.00s)
    --- PASS: TestHostFallbackWarnings/host:port_mistake (0.00s)
    --- PASS: TestHostFallbackWarnings/zone_id_without_IPv6 (0.00s)
    --- PASS: TestHostFallbackWarnings/unset_host_WITH_base_URL_is_the_49-of-50_case (0.00s)
    --- PASS: TestHostFallbackWarnings/blank_host_WITH_base_URL (0.00s)
    --- PASS: TestHostFallbackWarnings/malformed_host_WITH_base_URL_reports_both_independent_facts (0.00s)
=== RUN   TestHostFallbackWarningOmitsBaseURLValue
--- PASS: TestHostFallbackWarningOmitsBaseURLValue (0.00s)
=== RUN   TestFallbackWarningsRedactCredentialBearingValues
=== RUN   TestFallbackWarningsRedactCredentialBearingValues/host/scheme-ful_URL_with_userinfo
=== RUN   TestFallbackWarningsRedactCredentialBearingValues/port/scheme-ful_URL_with_userinfo
=== RUN   TestFallbackWarningsRedactCredentialBearingValues/host/bare_userinfo@host
=== RUN   TestFallbackWarningsRedactCredentialBearingValues/port/bare_userinfo@host
=== RUN   TestFallbackWarningsRedactCredentialBearingValues/host/scheme-relative_URL_with_userinfo
=== RUN   TestFallbackWarningsRedactCredentialBearingValues/port/scheme-relative_URL_with_userinfo
=== RUN   TestFallbackWarningsRedactCredentialBearingValues/host/bare_user:pass_pair,_no_@_at_all
=== RUN   TestFallbackWarningsRedactCredentialBearingValues/port/bare_user:pass_pair,_no_@_at_all
=== RUN   TestFallbackWarningsRedactCredentialBearingValues/host/query-string_token
=== RUN   TestFallbackWarningsRedactCredentialBearingValues/port/query-string_token
=== RUN   TestFallbackWarningsRedactCredentialBearingValues/host/fragment_token
=== RUN   TestFallbackWarningsRedactCredentialBearingValues/port/fragment_token
=== RUN   TestFallbackWarningsRedactCredentialBearingValues/host/percent-encoded_userinfo
=== RUN   TestFallbackWarningsRedactCredentialBearingValues/port/percent-encoded_userinfo
=== RUN   TestFallbackWarningsRedactCredentialBearingValues/host/percent-encoded_userinfo,_uppercase_escape_only
=== RUN   TestFallbackWarningsRedactCredentialBearingValues/port/percent-encoded_userinfo,_uppercase_escape_only
=== RUN   TestFallbackWarningsRedactCredentialBearingValues/host/double-percent-encoded_userinfo
=== RUN   TestFallbackWarningsRedactCredentialBearingValues/port/double-percent-encoded_userinfo
=== RUN   TestFallbackWarningsRedactCredentialBearingValues/host/percent-encoded,_escape_terminal
=== RUN   TestFallbackWarningsRedactCredentialBearingValues/port/percent-encoded,_escape_terminal
=== RUN   TestFallbackWarningsRedactCredentialBearingValues/host/escape_at_index_0,_encoded_leading_delimiter
=== RUN   TestFallbackWarningsRedactCredentialBearingValues/port/escape_at_index_0,_encoded_leading_delimiter
=== RUN   TestFallbackWarningsRedactCredentialBearingValues/host/user:pass:port_paste,_secret_mid-string
=== RUN   TestFallbackWarningsRedactCredentialBearingValues/port/user:pass:port_paste,_secret_mid-string
=== RUN   TestFallbackWarningsRedactCredentialBearingValues/host/three-colon_paste,_password_contains_a_colon
=== RUN   TestFallbackWarningsRedactCredentialBearingValues/port/three-colon_paste,_password_contains_a_colon
=== RUN   TestFallbackWarningsRedactCredentialBearingValues/host/bracket_mid-string,_not_an_IPv6_literal
=== RUN   TestFallbackWarningsRedactCredentialBearingValues/port/bracket_mid-string,_not_an_IPv6_literal
=== RUN   TestFallbackWarningsRedactCredentialBearingValues/host/token-as-username_authority,_only_marker_is_@
=== RUN   TestFallbackWarningsRedactCredentialBearingValues/port/token-as-username_authority,_only_marker_is_@
=== RUN   TestFallbackWarningsRedactCredentialBearingValues/host/bare-path_paste,_only_marker_is_/
=== RUN   TestFallbackWarningsRedactCredentialBearingValues/port/bare-path_paste,_only_marker_is_/
=== RUN   TestFallbackWarningsRedactCredentialBearingValues/host/schemeless_fragment_token,_only_marker_is_#
=== RUN   TestFallbackWarningsRedactCredentialBearingValues/port/schemeless_fragment_token,_only_marker_is_#
=== RUN   TestFallbackWarningsRedactCredentialBearingValues/host/query-string_token,_no_scheme
=== RUN   TestFallbackWarningsRedactCredentialBearingValues/port/query-string_token,_no_scheme
=== RUN   TestFallbackWarningsRedactCredentialBearingValues/host/encoded_'?',_hex_letter_upper_bound
=== RUN   TestFallbackWarningsRedactCredentialBearingValues/port/encoded_'?',_hex_letter_upper_bound
=== RUN   TestFallbackWarningsRedactCredentialBearingValues/host/over-encoded_digit,_hex_digit_upper_bound
=== RUN   TestFallbackWarningsRedactCredentialBearingValues/port/over-encoded_digit,_hex_digit_upper_bound
=== RUN   TestFallbackWarningsRedactCredentialBearingValues/host/encoded-@_authority,_hex_digit_lower_bound
=== RUN   TestFallbackWarningsRedactCredentialBearingValues/port/encoded-@_authority,_hex_digit_lower_bound
=== RUN   TestFallbackWarningsRedactCredentialBearingValues/host/curl_-u_<token>:_—_empty-password_basic_auth
=== RUN   TestFallbackWarningsRedactCredentialBearingValues/port/curl_-u_<token>:_—_empty-password_basic_auth
=== RUN   TestFallbackWarningsRedactCredentialBearingValues/host/curl_-u_:<token>_—_empty-username_basic_auth
=== RUN   TestFallbackWarningsRedactCredentialBearingValues/port/curl_-u_:<token>_—_empty-username_basic_auth
=== RUN   TestFallbackWarningsRedactCredentialBearingValues/host/mistyped_port,_stray_char_leading
=== RUN   TestFallbackWarningsRedactCredentialBearingValues/port/mistyped_port,_stray_char_leading
=== RUN   TestFallbackWarningsRedactCredentialBearingValues/host/mistyped_port,_stray_char_trailing
=== RUN   TestFallbackWarningsRedactCredentialBearingValues/port/mistyped_port,_stray_char_trailing
=== RUN   TestFallbackWarningsRedactCredentialBearingValues/host/mistyped_port,_stray_char_at_an_odd_index
=== RUN   TestFallbackWarningsRedactCredentialBearingValues/port/mistyped_port,_stray_char_at_an_odd_index
--- PASS: TestFallbackWarningsRedactCredentialBearingValues (0.00s)
    --- PASS: TestFallbackWarningsRedactCredentialBearingValues/host/scheme-ful_URL_with_userinfo (0.00s)
    --- PASS: TestFallbackWarningsRedactCredentialBearingValues/port/scheme-ful_URL_with_userinfo (0.00s)
    --- PASS: TestFallbackWarningsRedactCredentialBearingValues/host/bare_userinfo@host (0.00s)
    --- PASS: TestFallbackWarningsRedactCredentialBearingValues/port/bare_userinfo@host (0.00s)
    --- PASS: TestFallbackWarningsRedactCredentialBearingValues/host/scheme-relative_URL_with_userinfo (0.00s)
    --- PASS: TestFallbackWarningsRedactCredentialBearingValues/port/scheme-relative_URL_with_userinfo (0.00s)
    --- PASS: TestFallbackWarningsRedactCredentialBearingValues/host/bare_user:pass_pair,_no_@_at_all (0.00s)
    --- PASS: TestFallbackWarningsRedactCredentialBearingValues/port/bare_user:pass_pair,_no_@_at_all (0.00s)
    --- PASS: TestFallbackWarningsRedactCredentialBearingValues/host/query-string_token (0.00s)
    --- PASS: TestFallbackWarningsRedactCredentialBearingValues/port/query-string_token (0.00s)
    --- PASS: TestFallbackWarningsRedactCredentialBearingValues/host/fragment_token (0.00s)
    --- PASS: TestFallbackWarningsRedactCredentialBearingValues/port/fragment_token (0.00s)
    --- PASS: TestFallbackWarningsRedactCredentialBearingValues/host/percent-encoded_userinfo (0.00s)
    --- PASS: TestFallbackWarningsRedactCredentialBearingValues/port/percent-encoded_userinfo (0.00s)
    --- PASS: TestFallbackWarningsRedactCredentialBearingValues/host/percent-encoded_userinfo,_uppercase_escape_only (0.00s)
    --- PASS: TestFallbackWarningsRedactCredentialBearingValues/port/percent-encoded_userinfo,_uppercase_escape_only (0.00s)
    --- PASS: TestFallbackWarningsRedactCredentialBearingValues/host/double-percent-encoded_userinfo (0.00s)
    --- PASS: TestFallbackWarningsRedactCredentialBearingValues/port/double-percent-encoded_userinfo (0.00s)
    --- PASS: TestFallbackWarningsRedactCredentialBearingValues/host/percent-encoded,_escape_terminal (0.00s)
    --- PASS: TestFallbackWarningsRedactCredentialBearingValues/port/percent-encoded,_escape_terminal (0.00s)
    --- PASS: TestFallbackWarningsRedactCredentialBearingValues/host/escape_at_index_0,_encoded_leading_delimiter (0.00s)
    --- PASS: TestFallbackWarningsRedactCredentialBearingValues/port/escape_at_index_0,_encoded_leading_delimiter (0.00s)
    --- PASS: TestFallbackWarningsRedactCredentialBearingValues/host/user:pass:port_paste,_secret_mid-string (0.00s)
    --- PASS: TestFallbackWarningsRedactCredentialBearingValues/port/user:pass:port_paste,_secret_mid-string (0.00s)
    --- PASS: TestFallbackWarningsRedactCredentialBearingValues/host/three-colon_paste,_password_contains_a_colon (0.00s)
    --- PASS: TestFallbackWarningsRedactCredentialBearingValues/port/three-colon_paste,_password_contains_a_colon (0.00s)
    --- PASS: TestFallbackWarningsRedactCredentialBearingValues/host/bracket_mid-string,_not_an_IPv6_literal (0.00s)
    --- PASS: TestFallbackWarningsRedactCredentialBearingValues/port/bracket_mid-string,_not_an_IPv6_literal (0.00s)
    --- PASS: TestFallbackWarningsRedactCredentialBearingValues/host/token-as-username_authority,_only_marker_is_@ (0.00s)
    --- PASS: TestFallbackWarningsRedactCredentialBearingValues/port/token-as-username_authority,_only_marker_is_@ (0.00s)
    --- PASS: TestFallbackWarningsRedactCredentialBearingValues/host/bare-path_paste,_only_marker_is_/ (0.00s)
    --- PASS: TestFallbackWarningsRedactCredentialBearingValues/port/bare-path_paste,_only_marker_is_/ (0.00s)
    --- PASS: TestFallbackWarningsRedactCredentialBearingValues/host/schemeless_fragment_token,_only_marker_is_# (0.00s)
    --- PASS: TestFallbackWarningsRedactCredentialBearingValues/port/schemeless_fragment_token,_only_marker_is_# (0.00s)
    --- PASS: TestFallbackWarningsRedactCredentialBearingValues/host/query-string_token,_no_scheme (0.00s)
    --- PASS: TestFallbackWarningsRedactCredentialBearingValues/port/query-string_token,_no_scheme (0.00s)
    --- PASS: TestFallbackWarningsRedactCredentialBearingValues/host/encoded_'?',_hex_letter_upper_bound (0.00s)
    --- PASS: TestFallbackWarningsRedactCredentialBearingValues/port/encoded_'?',_hex_letter_upper_bound (0.00s)
    --- PASS: TestFallbackWarningsRedactCredentialBearingValues/host/over-encoded_digit,_hex_digit_upper_bound (0.00s)
    --- PASS: TestFallbackWarningsRedactCredentialBearingValues/port/over-encoded_digit,_hex_digit_upper_bound (0.00s)
    --- PASS: TestFallbackWarningsRedactCredentialBearingValues/host/encoded-@_authority,_hex_digit_lower_bound (0.00s)
    --- PASS: TestFallbackWarningsRedactCredentialBearingValues/port/encoded-@_authority,_hex_digit_lower_bound (0.00s)
    --- PASS: TestFallbackWarningsRedactCredentialBearingValues/host/curl_-u_<token>:_—_empty-password_basic_auth (0.00s)
    --- PASS: TestFallbackWarningsRedactCredentialBearingValues/port/curl_-u_<token>:_—_empty-password_basic_auth (0.00s)
    --- PASS: TestFallbackWarningsRedactCredentialBearingValues/host/curl_-u_:<token>_—_empty-username_basic_auth (0.00s)
    --- PASS: TestFallbackWarningsRedactCredentialBearingValues/port/curl_-u_:<token>_—_empty-username_basic_auth (0.00s)
    --- PASS: TestFallbackWarningsRedactCredentialBearingValues/host/mistyped_port,_stray_char_leading (0.00s)
    --- PASS: TestFallbackWarningsRedactCredentialBearingValues/port/mistyped_port,_stray_char_leading (0.00s)
    --- PASS: TestFallbackWarningsRedactCredentialBearingValues/host/mistyped_port,_stray_char_trailing (0.00s)
    --- PASS: TestFallbackWarningsRedactCredentialBearingValues/port/mistyped_port,_stray_char_trailing (0.00s)
    --- PASS: TestFallbackWarningsRedactCredentialBearingValues/host/mistyped_port,_stray_char_at_an_odd_index (0.00s)
    --- PASS: TestFallbackWarningsRedactCredentialBearingValues/port/mistyped_port,_stray_char_at_an_odd_index (0.00s)
=== RUN   TestFallbackWarningsStillQuoteOrdinaryValues
=== RUN   TestFallbackWarningsStillQuoteOrdinaryValues/host/agent.internal:7061
=== RUN   TestFallbackWarningsStillQuoteOrdinaryValues/host/host%eth0
=== RUN   TestFallbackWarningsStillQuoteOrdinaryValues/host/[::1]:7061
=== RUN   TestFallbackWarningsStillQuoteOrdinaryValues/host/example.com:80
=== RUN   TestFallbackWarningsStillQuoteOrdinaryValues/host/host%if1
=== RUN   TestFallbackWarningsStillQuoteOrdinaryValues/host/agent.internal:9090
=== RUN   TestFallbackWarningsStillQuoteOrdinaryValues/port/not-a-port
=== RUN   TestFallbackWarningsStillQuoteOrdinaryValues/port/0
=== RUN   TestFallbackWarningsStillQuoteOrdinaryValues/port/-1
=== RUN   TestFallbackWarningsStillQuoteOrdinaryValues/port/65536
=== RUN   TestFallbackWarningsStillQuoteOrdinaryValues/port/70000
=== RUN   TestFallbackWarningsStillQuoteOrdinaryValues/port/80.5
=== RUN   TestFallbackWarningsStillQuoteOrdinaryValues/port/7061x
=== RUN   TestFallbackWarningsStillQuoteOrdinaryValues/port/abc
--- PASS: TestFallbackWarningsStillQuoteOrdinaryValues (0.00s)
    --- PASS: TestFallbackWarningsStillQuoteOrdinaryValues/host/agent.internal:7061 (0.00s)
    --- PASS: TestFallbackWarningsStillQuoteOrdinaryValues/host/host%eth0 (0.00s)
    --- PASS: TestFallbackWarningsStillQuoteOrdinaryValues/host/[::1]:7061 (0.00s)
    --- PASS: TestFallbackWarningsStillQuoteOrdinaryValues/host/example.com:80 (0.00s)
    --- PASS: TestFallbackWarningsStillQuoteOrdinaryValues/host/host%if1 (0.00s)
    --- PASS: TestFallbackWarningsStillQuoteOrdinaryValues/host/agent.internal:9090 (0.00s)
    --- PASS: TestFallbackWarningsStillQuoteOrdinaryValues/port/not-a-port (0.00s)
    --- PASS: TestFallbackWarningsStillQuoteOrdinaryValues/port/0 (0.00s)
    --- PASS: TestFallbackWarningsStillQuoteOrdinaryValues/port/-1 (0.00s)
    --- PASS: TestFallbackWarningsStillQuoteOrdinaryValues/port/65536 (0.00s)
    --- PASS: TestFallbackWarningsStillQuoteOrdinaryValues/port/70000 (0.00s)
    --- PASS: TestFallbackWarningsStillQuoteOrdinaryValues/port/80.5 (0.00s)
    --- PASS: TestFallbackWarningsStillQuoteOrdinaryValues/port/7061x (0.00s)
    --- PASS: TestFallbackWarningsStillQuoteOrdinaryValues/port/abc (0.00s)
=== RUN   TestFallbackWarningsRedactOnStderr
=== RUN   TestFallbackWarningsRedactOnStderr/host
=== RUN   TestFallbackWarningsRedactOnStderr/port
--- PASS: TestFallbackWarningsRedactOnStderr (0.00s)
    --- PASS: TestFallbackWarningsRedactOnStderr/host (0.00s)
    --- PASS: TestFallbackWarningsRedactOnStderr/port (0.00s)
=== RUN   TestPortFallbackWarning
--- PASS: TestPortFallbackWarning (0.00s)
=== RUN   TestHostWarnsOnMalformedInjection
=== RUN   TestHostWarnsOnMalformedInjection/malformed_host_warns
=== RUN   TestHostWarnsOnMalformedInjection/valid_host_is_silent
=== RUN   TestHostWarnsOnMalformedInjection/unset_host_is_silent
--- PASS: TestHostWarnsOnMalformedInjection (0.00s)
    --- PASS: TestHostWarnsOnMalformedInjection/malformed_host_warns (0.00s)
    --- PASS: TestHostWarnsOnMalformedInjection/valid_host_is_silent (0.00s)
    --- PASS: TestHostWarnsOnMalformedInjection/unset_host_is_silent (0.00s)
=== RUN   TestPortWarnsOnInvalidInjection
=== RUN   TestPortWarnsOnInvalidInjection/invalid_port_warns
=== RUN   TestPortWarnsOnInvalidInjection/valid_port_is_silent
=== RUN   TestPortWarnsOnInvalidInjection/unset_port_is_silent
--- PASS: TestPortWarnsOnInvalidInjection (0.00s)
    --- PASS: TestPortWarnsOnInvalidInjection/invalid_port_warns (0.00s)
    --- PASS: TestPortWarnsOnInvalidInjection/valid_port_is_silent (0.00s)
    --- PASS: TestPortWarnsOnInvalidInjection/unset_port_is_silent (0.00s)
=== RUN   TestHostWarnsWhenBaseURLSetWithoutHost
=== RUN   TestHostWarnsWhenBaseURLSetWithoutHost/base_URL_without_host_warns
=== RUN   TestHostWarnsWhenBaseURLSetWithoutHost/base_URL_WITH_host_is_silent
=== RUN   TestHostWarnsWhenBaseURLSetWithoutHost/separator-only_base_URL_is_unset_for_the_diagnostic_too
--- PASS: TestHostWarnsWhenBaseURLSetWithoutHost (0.00s)
    --- PASS: TestHostWarnsWhenBaseURLSetWithoutHost/base_URL_without_host_warns (0.00s)
    --- PASS: TestHostWarnsWhenBaseURLSetWithoutHost/base_URL_WITH_host_is_silent (0.00s)
    --- PASS: TestHostWarnsWhenBaseURLSetWithoutHost/separator-only_base_URL_is_unset_for_the_diagnostic_too (0.00s)
=== RUN   TestHostEmitsEveryWarningWhenBothFire
--- PASS: TestHostEmitsEveryWarningWhenBothFire (0.00s)
=== RUN   TestWarningsAreOncePerProcess
--- PASS: TestWarningsAreOncePerProcess (0.00s)
=== RUN   TestDistinctWarningsAreNotSuppressedByEachOther
--- PASS: TestDistinctWarningsAreNotSuppressedByEachOther (0.00s)
=== RUN   TestZoneIDTwentyFiveNotDropped
--- PASS: TestZoneIDTwentyFiveNotDropped (0.00s)
PASS
ok  	digital.vasic.llmsverifier/pkg/helixendpoint	0.010s
